******************************************************************************
                  TI ARM Linker PC v18.1.4                     
******************************************************************************
>> Linked Thu Jul  4 16:31:35 2019

OUTPUT FILE NAME:   <123.out>
ENTRY POINT SYMBOL: "_c_int00_noargs"  address: 00003835


MEMORY CONFIGURATION

         name            origin    length      used     unused   attr    fill
----------------------  --------  ---------  --------  --------  ----  --------
  FLASH                 00000000   00040000  00003f50  0003c0b0  R  X
  SRAM                  20000000   00008000  000004b9  00007b47  RW X


SEGMENT ALLOCATION MAP

run origin  load origin   length   init length attrs members
----------  ----------- ---------- ----------- ----- -------
00000000    00000000    00003f50   00003f50    r-x
  00000000    00000000    0000026c   0000026c    r-- .intvecs
  0000026c    0000026c    0000369c   0000369c    r-x .text
  00003908    00003908    00000608   00000608    r-- .const
  00003f10    00003f10    00000040   00000040    r-- .cinit
20000000    20000000    000004b9   00000000    rw-
  20000000    20000000    0000026c   00000000    rw- .vtable
  2000026c    2000026c    00000004   00000000    rw- .data
  20000270    20000270    00000200   00000000    rw- .stack
  20000470    20000470    00000049   00000000    rw- .bss


SECTION ALLOCATION MAP

 output                                  attributes/
section   page    origin      length       input sections
--------  ----  ----------  ----------   ----------------
.intvecs   0    00000000    0000026c     
                  00000000    0000026c     tm4c123gh6pm_startup_ccs.obj (.intvecs)

.text      0    0000026c    0000369c     
                  0000026c    00000f80     sysctl.obj (.text)
                  000011ec    00000b94     gpio.obj (.text)
                  00001d80    00000718     pwm.obj (.text)
                  00002498    0000062e     uart.obj (.text)
                  00002ac6    00000002     --HOLE-- [fill = 0]
                  00002ac8    000004ec     main.obj (.text)
                  00002fb4    000003c0     interrupt.obj (.text)
                  00003374    00000136     rtsv7M4_T_le_v4SPD16_eabi.lib : fd_div_t2.asm.obj (.text)
                  000034aa    000000fc                                   : fd_mul_t2.asm.obj (.text)
                  000035a6    00000002     --HOLE-- [fill = 0]
                  000035a8    000000c0     fpu.obj (.text)
                  00003668    0000009c     rtsv7M4_T_le_v4SPD16_eabi.lib : memcpy_t2.asm.obj (.text)
                  00003704    00000068                                   : copy_decompress_lzss.c.obj (.text:decompress:lzss:__TI_decompress_lzss)
                  0000376c    00000044                                   : autoinit.c.obj (.text:__TI_auto_init_nobinit_nopinit:__TI_auto_init_nobinit_nopinit)
                  000037b0    00000044                                   : fd_tou_t2.asm.obj (.text)
                  000037f4    0000003e     cpu.obj (.text)
                  00003832    00000002     --HOLE-- [fill = 0]
                  00003834    00000038     rtsv7M4_T_le_v4SPD16_eabi.lib : boot_cortex_m.c.obj (.text:_c_int00_noargs:_c_int00_noargs)
                  0000386c    00000034                                   : strstr.c.obj (.text:strstr)
                  000038a0    0000002e                                   : i_tofd_t2.asm.obj (.text)
                  000038ce    00000012                                   : copy_zero_init.c.obj (.text:decompress:ZI:__TI_zero_init_nomemset:__TI_zero_init_nomemset)
                  000038e0    0000000e                                   : copy_decompress_none.c.obj (.text:decompress:none:__TI_decompress_none)
                  000038ee    0000000c     tm4c123gh6pm_startup_ccs.obj (.text)
                  000038fa    00000006     sysctl.obj (.text:SysCtlDelay)
                  00003900    00000004     rtsv7M4_T_le_v4SPD16_eabi.lib : pre_init.c.obj (.text:_system_pre_init)
                  00003904    00000004                                   : exit.c.obj (.text:abort:abort)

.const     0    00003908    00000608     
                  00003908    000001b0     sysctl.obj (.const:g_pppui32XTALtoVCO)
                  00003ab8    000000d8     gpio.obj (.const:g_ppui32GPIOIntMapSnowflake)
                  00003b90    000000c0     gpio.obj (.const:g_ppui32GPIOIntMapBlizzard)
                  00003c50    0000009c     interrupt.obj (.const:g_pui32Regs)
                  00003cec    00000090     gpio.obj (.const:g_pui32GPIOBaseAddrs)
                  00003d7c    0000006c     sysctl.obj (.const:g_pui32Xtals)
                  00003de8    00000040     uart.obj (.const:g_ppui32UARTIntMap)
                  00003e28    00000040     uart.obj (.const:g_ppui32UARTIntMapSnowflake)
                  00003e68    00000030     sysctl.obj (.const:g_sXTALtoMEMTIM)
                  00003e98    00000020     interrupt.obj (.const:g_pui32Priority)
                  00003eb8    00000014     interrupt.obj (.const:g_pui32Dii16Regs)
                  00003ecc    00000014     interrupt.obj (.const:g_pui32EnRegs)
                  00003ee0    00000014     interrupt.obj (.const:g_pui32PendRegs)
                  00003ef4    00000014     interrupt.obj (.const:g_pui32UnpendRegs)
                  00003f08    00000008     sysctl.obj (.const:g_pui32VCOFrequencies)

.cinit     0    00003f10    00000040     
                  00003f10    0000000c     (__TI_handler_table)
                  00003f1c    00000004     --HOLE-- [fill = 0]
                  00003f20    00000008     (.cinit..bss.load) [load image, compression = zero_init]
                  00003f28    00000008     (.cinit..vtable.load) [load image, compression = zero_init]
                  00003f30    00000007     (.cinit..data.load) [load image, compression = lzss]
                  00003f37    00000001     --HOLE-- [fill = 0]
                  00003f38    00000018     (__TI_cinit_table)

.init_array 
*          0    00000000    00000000     UNINITIALIZED

.vtable    0    20000000    0000026c     UNINITIALIZED
                  20000000    0000026c     interrupt.obj (.vtable)

.data      0    2000026c    00000004     UNINITIALIZED
                  2000026c    00000004     main.obj (.data)

.bss       0    20000470    00000049     UNINITIALIZED
                  20000470    00000034     (.common:ch)
                  200004a4    00000010     (.common:CH)
                  200004b4    00000004     (.common:clock)
                  200004b8    00000001     (.common:cnt)

.stack     0    20000270    00000200     UNINITIALIZED
                  20000270    00000004     rtsv7M4_T_le_v4SPD16_eabi.lib : boot_cortex_m.c.obj (.stack)
                  20000274    000001fc     --HOLE--

MODULE SUMMARY

       Module                         code    ro data   rw data
       ------                         ----    -------   -------
    .\
       main.obj                       1260    0         77     
       tm4c123gh6pm_startup_ccs.obj   12      620       0      
    +--+------------------------------+-------+---------+---------+
       Total:                         1272    620       77     
                                                               
    .\driverlib\
       sysctl.obj                     3974    596       0      
       gpio.obj                       2964    552       0      
       interrupt.obj                  960     268       620    
       pwm.obj                        1816    0         0      
       uart.obj                       1582    128       0      
       fpu.obj                        192     0         0      
       cpu.obj                        62      0         0      
    +--+------------------------------+-------+---------+---------+
       Total:                         11550   1544      620    
                                                               
    C:\ti\ccsv8\tools\compiler\ti-cgt-arm_18.1.4.LTS\lib\rtsv7M4_T_le_v4SPD16_eabi.lib
       fd_div_t2.asm.obj              310     0         0      
       fd_mul_t2.asm.obj              252     0         0      
       memcpy_t2.asm.obj              156     0         0      
       copy_decompress_lzss.c.obj     104     0         0      
       autoinit.c.obj                 68      0         0      
       fd_tou_t2.asm.obj              68      0         0      
       boot_cortex_m.c.obj            56      0         0      
       strstr.c.obj                   52      0         0      
       i_tofd_t2.asm.obj              46      0         0      
       copy_zero_init.c.obj           18      0         0      
       copy_decompress_none.c.obj     14      0         0      
       exit.c.obj                     4       0         0      
       pre_init.c.obj                 4       0         0      
    +--+------------------------------+-------+---------+---------+
       Total:                         1152    0         0      
                                                               
       Stack:                         0       0         512    
       Linker Generated:              0       59        0      
    +--+------------------------------+-------+---------+---------+
       Grand Total:                   13974   2223      1209   


LINKER GENERATED COPY TABLES

__TI_cinit_table @ 00003f38 records: 3, size/record: 8, table size: 24
	.bss: load addr=00003f20, load size=00000008 bytes, run addr=20000470, run size=00000049 bytes, compression=zero_init
	.vtable: load addr=00003f28, load size=00000008 bytes, run addr=20000000, run size=0000026c bytes, compression=zero_init
	.data: load addr=00003f30, load size=00000007 bytes, run addr=2000026c, run size=00000004 bytes, compression=lzss


LINKER GENERATED HANDLER TABLE

__TI_handler_table @ 00003f10 records: 3, size/record: 4, table size: 12
	index: 0, handler: __TI_zero_init
	index: 1, handler: __TI_decompress_lzss
	index: 2, handler: __TI_decompress_none


GLOBAL SYMBOLS: SORTED ALPHABETICALLY BY Name 

address   name                            
-------   ----                            
00003905  C$$EXIT                         
200004a4  CH                              
00002cfb  CHSet                           
00003829  CPUbasepriGet                   
0000381b  CPUbasepriSet                   
000037f5  CPUcpsid                        
0000380b  CPUcpsie                        
00003801  CPUprimask                      
00003817  CPUwfi                          
000035bb  FPUDisable                      
000035a9  FPUEnable                       
00003627  FPUFlushToZeroModeSet           
000035f3  FPUHalfPrecisionModeSet         
000035db  FPULazyStackingEnable           
0000360d  FPUNaNModeSet                   
00003641  FPURoundingModeSet              
000035e7  FPUStackingDisable              
000035c9  FPUStackingEnable               
00001d59  GPIOADCTriggerDisable           
00001d3b  GPIOADCTriggerEnable            
00001d1d  GPIODMATriggerDisable           
00001cff  GPIODMATriggerEnable            
000012a7  GPIODirModeGet                  
0000124b  GPIODirModeSet                  
0000180f  GPIOIntClear                    
000017d3  GPIOIntDisable                  
000017b9  GPIOIntEnable                   
00001823  GPIOIntRegister                 
0000185b  GPIOIntRegisterPin              
000017ed  GPIOIntStatus                   
00001397  GPIOIntTypeGet                  
000012f3  GPIOIntTypeSet                  
00001841  GPIOIntUnregister               
00001889  GPIOIntUnregisterPin            
00002d71  GPIOPWM_Init                    
00001667  GPIOPadConfigGet                
0000142d  GPIOPadConfigSet                
00001ca1  GPIOPinConfigure                
000018ad  GPIOPinRead                     
000018e5  GPIOPinTypeADC                  
00001909  GPIOPinTypeCAN                  
0000192d  GPIOPinTypeComparator           
00001951  GPIOPinTypeComparatorOutput     
00001975  GPIOPinTypeDIVSCLK              
00001999  GPIOPinTypeEPI                  
000019bd  GPIOPinTypeEthernetLED          
000019e1  GPIOPinTypeEthernetMII          
00001a05  GPIOPinTypeGPIOInput            
00001a29  GPIOPinTypeGPIOOutput           
00001a4d  GPIOPinTypeGPIOOutputOD         
00001a71  GPIOPinTypeHibernateRTCCLK      
00001a95  GPIOPinTypeI2C                  
00001ab9  GPIOPinTypeI2CSCL               
00001add  GPIOPinTypeLCD                  
00001b01  GPIOPinTypeOneWire              
00001b25  GPIOPinTypePWM                  
00001b49  GPIOPinTypeQEI                  
00001b6d  GPIOPinTypeSSI                  
00001b91  GPIOPinTypeTimer                
00001bb5  GPIOPinTypeTrace                
00001bd9  GPIOPinTypeUART                 
00001bfd  GPIOPinTypeUSBAnalog            
00001c21  GPIOPinTypeUSBDigital           
00001c45  GPIOPinTypeWakeHigh             
00001c6b  GPIOPinTypeWakeLow              
00001c91  GPIOPinWakeStatus               
000018c5  GPIOPinWrite                    
00003175  IntDisable                      
00003103  IntEnable                       
000031e7  IntIsEnabled                    
00002fc7  IntMasterDisable                
00002fb7  IntMasterEnable                 
000032dd  IntPendClear                    
0000326d  IntPendSet                      
000030df  IntPriorityGet                  
00003057  IntPriorityGroupingGet          
0000303d  IntPriorityGroupingSet          
00003337  IntPriorityMaskGet              
0000332b  IntPriorityMaskSet              
0000308f  IntPrioritySet                  
00002fd7  IntRegister                     
0000333f  IntTrigger                      
00003029  IntUnregister                   
000023fb  PWMClockGet                     
000023db  PWMClockSet                     
00001f25  PWMDeadBandDisable              
00001eed  PWMDeadBandEnable               
000022a1  PWMFaultIntClear                
000022d3  PWMFaultIntClearExt             
000021bb  PWMFaultIntRegister             
000021d9  PWMFaultIntUnregister           
00001d81  PWMGenConfigure                 
00001e3f  PWMGenDisable                   
00001e25  PWMGenEnable                    
000023a5  PWMGenFaultClear                
000022f1  PWMGenFaultConfigure            
0000236f  PWMGenFaultStatus               
0000234b  PWMGenFaultTriggerGet           
00002321  PWMGenFaultTriggerSet           
00002259  PWMGenIntClear                  
0000212d  PWMGenIntRegister               
0000222f  PWMGenIntStatus                 
00002211  PWMGenIntTrigDisable            
000021f3  PWMGenIntTrigEnable             
00002155  PWMGenIntUnregister             
00001dfb  PWMGenPeriodGet                 
00001dcb  PWMGenPeriodSet                 
00002289  PWMIntDisable                   
00002271  PWMIntEnable                    
000022b3  PWMIntStatus                    
00001ffb  PWMOutputFault                  
00001fc9  PWMOutputFaultLevel             
00001f97  PWMOutputInvert                 
00001f65  PWMOutputState                  
00002425  PWMOutputUpdateMode             
00001ea3  PWMPulseWidthGet                
00001e59  PWMPulseWidthSet                
00001f53  PWMSyncTimeBase                 
00001f41  PWMSyncUpdate                   
000038ef  ResetISR                        
000011a9  SysCtlAltClkConfig              
000008d1  SysCtlClockFreqSet              
00000d99  SysCtlClockGet                  
0000118d  SysCtlClockOutConfig            
00000bc9  SysCtlClockSet                  
000007d5  SysCtlDeepSleep                 
00000f5d  SysCtlDeepSleepClockConfigSet   
00000f3f  SysCtlDeepSleepClockSet         
000007b5  SysCtlDeepSleepPowerSet         
000038fb  SysCtlDelay                     
00000363  SysCtlFlashSectorSizeGet        
00000337  SysCtlFlashSizeGet              
00001033  SysCtlGPIOAHBDisable            
00001017  SysCtlGPIOAHBEnable             
00000749  SysCtlIntClear                  
00000731  SysCtlIntDisable                
0000071d  SysCtlIntEnable                 
000006f5  SysCtlIntRegister               
00000759  SysCtlIntStatus                 
0000070d  SysCtlIntUnregister             
0000079b  SysCtlLDODeepSleepGet           
0000078b  SysCtlLDODeepSleepSet           
00000785  SysCtlLDOSleepGet               
00000775  SysCtlLDOSleepSet               
0000080b  SysCtlMOSCConfigSet             
00001171  SysCtlNMIClear                  
0000115d  SysCtlNMIStatus                 
00000821  SysCtlPIOSCCalibrate            
00001001  SysCtlPWMClockGet               
00000fe7  SysCtlPWMClockSet               
000006a1  SysCtlPeripheralClockGating     
00000659  SysCtlPeripheralDeepSleepDisable
00000609  SysCtlPeripheralDeepSleepEnable 
00000545  SysCtlPeripheralDisable         
00000509  SysCtlPeripheralEnable          
00000445  SysCtlPeripheralPowerOff        
00000409  SysCtlPeripheralPowerOn         
00000389  SysCtlPeripheralPresent         
000003c9  SysCtlPeripheralReady           
00000481  SysCtlPeripheralReset           
000005cd  SysCtlPeripheralSleepDisable    
00000589  SysCtlPeripheralSleepEnable     
000007c5  SysCtlReset                     
00000881  SysCtlResetBehaviorGet          
00000871  SysCtlResetBehaviorSet          
000007f7  SysCtlResetCauseClear           
000007f1  SysCtlResetCauseGet             
0000032d  SysCtlSRAMSizeGet               
000007cd  SysCtlSleep                     
000007a1  SysCtlSleepPowerSet             
0000105b  SysCtlUSBPLLDisable             
0000104f  SysCtlUSBPLLEnable              
000010a1  SysCtlVCOGet                    
00001089  SysCtlVoltageEventClear         
0000106d  SysCtlVoltageEventConfig        
0000107d  SysCtlVoltageEventStatus        
00002a69  UART9BitAddrSend                
00002a43  UART9BitAddrSet                 
00002a2d  UART9BitDisable                 
00002a17  UART9BitEnable                  
000028bb  UARTBreakCtl                    
000028e5  UARTBusy                        
00002863  UARTCharGet                     
00002847  UARTCharGetNonBlocking          
0000289d  UARTCharPut                     
00002879  UARTCharPutNonBlocking          
0000280b  UARTCharsAvail                  
00002a07  UARTClockSourceGet              
000029f3  UARTClockSourceSet              
000025db  UARTConfigGetExpClk             
00002565  UARTConfigSetExpClk             
000029b9  UARTDMADisable                  
000029a1  UARTDMAEnable                   
0000264b  UARTDisable                     
000026cf  UARTDisableSIR                  
00002627  UARTEnable                      
000026a1  UARTEnableSIR                   
0000268b  UARTFIFODisable                 
00002675  UARTFIFOEnable                  
0000253d  UARTFIFOLevelGet                
00002525  UARTFIFOLevelSet                
000027cb  UARTFlowControlGet              
000027af  UARTFlowControlSet              
0000298f  UARTIntClear                    
00002959  UARTIntDisable                  
00002941  UARTIntEnable                   
00002ef5  UARTIntHandler                  
00002903  UARTIntRegister                 
00002971  UARTIntStatus                   
00002921  UARTIntUnregister               
00002ab1  UARTLoopbackEnable              
00002765  UARTModemControlClear           
00002789  UARTModemControlGet             
0000272d  UARTModemControlSet             
0000279b  UARTModemStatusGet              
00002513  UARTParityModeGet               
000024f7  UARTParityModeSet               
000029e3  UARTRxErrorClear                
000029d1  UARTRxErrorGet                  
00002e6d  UARTSend                        
00002717  UARTSmartCardDisable            
000026e5  UARTSmartCardEnable             
00002829  UARTSpaceAvail                  
000027f9  UARTTxIntModeGet                
000027dd  UARTTxIntModeSet                
00002e95  UART_Init                       
20000470  __STACK_END                     
00000200  __STACK_SIZE                    
20000470  __STACK_TOP                     
00003f38  __TI_CINIT_Base                 
00003f50  __TI_CINIT_Limit                
00003f10  __TI_Handler_Table_Base         
00003f1c  __TI_Handler_Table_Limit        
0000376d  __TI_auto_init_nobinit_nopinit  
00003705  __TI_decompress_lzss            
000038e1  __TI_decompress_none            
ffffffff  __TI_pprof_out_hndl             
ffffffff  __TI_prof_data_size             
ffffffff  __TI_prof_data_start            
00000000  __TI_static_base__              
000038cf  __TI_zero_init_nomemset         
000037b1  __aeabi_d2uiz                   
00003375  __aeabi_ddiv                    
000034ab  __aeabi_dmul                    
000038a1  __aeabi_i2d                     
00003669  __aeabi_memcpy                  
00003669  __aeabi_memcpy4                 
00003669  __aeabi_memcpy8                 
ffffffff  __binit__                       
ffffffff  __c_args__                      
UNDEFED   __mpu_init                      
20000270  __stack                         
00003835  _c_int00_noargs                 
UNDEFED   _system_post_cinit              
00003901  _system_pre_init                
00003905  abort                           
ffffffff  binit                           
20000470  ch                              
200004b4  clock                           
200004b8  cnt                             
2000026c  flag                            
20000000  g_pfnRAMVectors                 
00000000  g_pfnVectors                    
00002ac9  main                            
00003669  memcpy                          
0000386d  strstr                          


GLOBAL SYMBOLS: SORTED BY Symbol Address 

address   name                            
-------   ----                            
00000000  __TI_static_base__              
00000000  g_pfnVectors                    
00000200  __STACK_SIZE                    
0000032d  SysCtlSRAMSizeGet               
00000337  SysCtlFlashSizeGet              
00000363  SysCtlFlashSectorSizeGet        
00000389  SysCtlPeripheralPresent         
000003c9  SysCtlPeripheralReady           
00000409  SysCtlPeripheralPowerOn         
00000445  SysCtlPeripheralPowerOff        
00000481  SysCtlPeripheralReset           
00000509  SysCtlPeripheralEnable          
00000545  SysCtlPeripheralDisable         
00000589  SysCtlPeripheralSleepEnable     
000005cd  SysCtlPeripheralSleepDisable    
00000609  SysCtlPeripheralDeepSleepEnable 
00000659  SysCtlPeripheralDeepSleepDisable
000006a1  SysCtlPeripheralClockGating     
000006f5  SysCtlIntRegister               
0000070d  SysCtlIntUnregister             
0000071d  SysCtlIntEnable                 
00000731  SysCtlIntDisable                
00000749  SysCtlIntClear                  
00000759  SysCtlIntStatus                 
00000775  SysCtlLDOSleepSet               
00000785  SysCtlLDOSleepGet               
0000078b  SysCtlLDODeepSleepSet           
0000079b  SysCtlLDODeepSleepGet           
000007a1  SysCtlSleepPowerSet             
000007b5  SysCtlDeepSleepPowerSet         
000007c5  SysCtlReset                     
000007cd  SysCtlSleep                     
000007d5  SysCtlDeepSleep                 
000007f1  SysCtlResetCauseGet             
000007f7  SysCtlResetCauseClear           
0000080b  SysCtlMOSCConfigSet             
00000821  SysCtlPIOSCCalibrate            
00000871  SysCtlResetBehaviorSet          
00000881  SysCtlResetBehaviorGet          
000008d1  SysCtlClockFreqSet              
00000bc9  SysCtlClockSet                  
00000d99  SysCtlClockGet                  
00000f3f  SysCtlDeepSleepClockSet         
00000f5d  SysCtlDeepSleepClockConfigSet   
00000fe7  SysCtlPWMClockSet               
00001001  SysCtlPWMClockGet               
00001017  SysCtlGPIOAHBEnable             
00001033  SysCtlGPIOAHBDisable            
0000104f  SysCtlUSBPLLEnable              
0000105b  SysCtlUSBPLLDisable             
0000106d  SysCtlVoltageEventConfig        
0000107d  SysCtlVoltageEventStatus        
00001089  SysCtlVoltageEventClear         
000010a1  SysCtlVCOGet                    
0000115d  SysCtlNMIStatus                 
00001171  SysCtlNMIClear                  
0000118d  SysCtlClockOutConfig            
000011a9  SysCtlAltClkConfig              
0000124b  GPIODirModeSet                  
000012a7  GPIODirModeGet                  
000012f3  GPIOIntTypeSet                  
00001397  GPIOIntTypeGet                  
0000142d  GPIOPadConfigSet                
00001667  GPIOPadConfigGet                
000017b9  GPIOIntEnable                   
000017d3  GPIOIntDisable                  
000017ed  GPIOIntStatus                   
0000180f  GPIOIntClear                    
00001823  GPIOIntRegister                 
00001841  GPIOIntUnregister               
0000185b  GPIOIntRegisterPin              
00001889  GPIOIntUnregisterPin            
000018ad  GPIOPinRead                     
000018c5  GPIOPinWrite                    
000018e5  GPIOPinTypeADC                  
00001909  GPIOPinTypeCAN                  
0000192d  GPIOPinTypeComparator           
00001951  GPIOPinTypeComparatorOutput     
00001975  GPIOPinTypeDIVSCLK              
00001999  GPIOPinTypeEPI                  
000019bd  GPIOPinTypeEthernetLED          
000019e1  GPIOPinTypeEthernetMII          
00001a05  GPIOPinTypeGPIOInput            
00001a29  GPIOPinTypeGPIOOutput           
00001a4d  GPIOPinTypeGPIOOutputOD         
00001a71  GPIOPinTypeHibernateRTCCLK      
00001a95  GPIOPinTypeI2C                  
00001ab9  GPIOPinTypeI2CSCL               
00001add  GPIOPinTypeLCD                  
00001b01  GPIOPinTypeOneWire              
00001b25  GPIOPinTypePWM                  
00001b49  GPIOPinTypeQEI                  
00001b6d  GPIOPinTypeSSI                  
00001b91  GPIOPinTypeTimer                
00001bb5  GPIOPinTypeTrace                
00001bd9  GPIOPinTypeUART                 
00001bfd  GPIOPinTypeUSBAnalog            
00001c21  GPIOPinTypeUSBDigital           
00001c45  GPIOPinTypeWakeHigh             
00001c6b  GPIOPinTypeWakeLow              
00001c91  GPIOPinWakeStatus               
00001ca1  GPIOPinConfigure                
00001cff  GPIODMATriggerEnable            
00001d1d  GPIODMATriggerDisable           
00001d3b  GPIOADCTriggerEnable            
00001d59  GPIOADCTriggerDisable           
00001d81  PWMGenConfigure                 
00001dcb  PWMGenPeriodSet                 
00001dfb  PWMGenPeriodGet                 
00001e25  PWMGenEnable                    
00001e3f  PWMGenDisable                   
00001e59  PWMPulseWidthSet                
00001ea3  PWMPulseWidthGet                
00001eed  PWMDeadBandEnable               
00001f25  PWMDeadBandDisable              
00001f41  PWMSyncUpdate                   
00001f53  PWMSyncTimeBase                 
00001f65  PWMOutputState                  
00001f97  PWMOutputInvert                 
00001fc9  PWMOutputFaultLevel             
00001ffb  PWMOutputFault                  
0000212d  PWMGenIntRegister               
00002155  PWMGenIntUnregister             
000021bb  PWMFaultIntRegister             
000021d9  PWMFaultIntUnregister           
000021f3  PWMGenIntTrigEnable             
00002211  PWMGenIntTrigDisable            
0000222f  PWMGenIntStatus                 
00002259  PWMGenIntClear                  
00002271  PWMIntEnable                    
00002289  PWMIntDisable                   
000022a1  PWMFaultIntClear                
000022b3  PWMIntStatus                    
000022d3  PWMFaultIntClearExt             
000022f1  PWMGenFaultConfigure            
00002321  PWMGenFaultTriggerSet           
0000234b  PWMGenFaultTriggerGet           
0000236f  PWMGenFaultStatus               
000023a5  PWMGenFaultClear                
000023db  PWMClockSet                     
000023fb  PWMClockGet                     
00002425  PWMOutputUpdateMode             
000024f7  UARTParityModeSet               
00002513  UARTParityModeGet               
00002525  UARTFIFOLevelSet                
0000253d  UARTFIFOLevelGet                
00002565  UARTConfigSetExpClk             
000025db  UARTConfigGetExpClk             
00002627  UARTEnable                      
0000264b  UARTDisable                     
00002675  UARTFIFOEnable                  
0000268b  UARTFIFODisable                 
000026a1  UARTEnableSIR                   
000026cf  UARTDisableSIR                  
000026e5  UARTSmartCardEnable             
00002717  UARTSmartCardDisable            
0000272d  UARTModemControlSet             
00002765  UARTModemControlClear           
00002789  UARTModemControlGet             
0000279b  UARTModemStatusGet              
000027af  UARTFlowControlSet              
000027cb  UARTFlowControlGet              
000027dd  UARTTxIntModeSet                
000027f9  UARTTxIntModeGet                
0000280b  UARTCharsAvail                  
00002829  UARTSpaceAvail                  
00002847  UARTCharGetNonBlocking          
00002863  UARTCharGet                     
00002879  UARTCharPutNonBlocking          
0000289d  UARTCharPut                     
000028bb  UARTBreakCtl                    
000028e5  UARTBusy                        
00002903  UARTIntRegister                 
00002921  UARTIntUnregister               
00002941  UARTIntEnable                   
00002959  UARTIntDisable                  
00002971  UARTIntStatus                   
0000298f  UARTIntClear                    
000029a1  UARTDMAEnable                   
000029b9  UARTDMADisable                  
000029d1  UARTRxErrorGet                  
000029e3  UARTRxErrorClear                
000029f3  UARTClockSourceSet              
00002a07  UARTClockSourceGet              
00002a17  UART9BitEnable                  
00002a2d  UART9BitDisable                 
00002a43  UART9BitAddrSet                 
00002a69  UART9BitAddrSend                
00002ab1  UARTLoopbackEnable              
00002ac9  main                            
00002cfb  CHSet                           
00002d71  GPIOPWM_Init                    
00002e6d  UARTSend                        
00002e95  UART_Init                       
00002ef5  UARTIntHandler                  
00002fb7  IntMasterEnable                 
00002fc7  IntMasterDisable                
00002fd7  IntRegister                     
00003029  IntUnregister                   
0000303d  IntPriorityGroupingSet          
00003057  IntPriorityGroupingGet          
0000308f  IntPrioritySet                  
000030df  IntPriorityGet                  
00003103  IntEnable                       
00003175  IntDisable                      
000031e7  IntIsEnabled                    
0000326d  IntPendSet                      
000032dd  IntPendClear                    
0000332b  IntPriorityMaskSet              
00003337  IntPriorityMaskGet              
0000333f  IntTrigger                      
00003375  __aeabi_ddiv                    
000034ab  __aeabi_dmul                    
000035a9  FPUEnable                       
000035bb  FPUDisable                      
000035c9  FPUStackingEnable               
000035db  FPULazyStackingEnable           
000035e7  FPUStackingDisable              
000035f3  FPUHalfPrecisionModeSet         
0000360d  FPUNaNModeSet                   
00003627  FPUFlushToZeroModeSet           
00003641  FPURoundingModeSet              
00003669  __aeabi_memcpy                  
00003669  __aeabi_memcpy4                 
00003669  __aeabi_memcpy8                 
00003669  memcpy                          
00003705  __TI_decompress_lzss            
0000376d  __TI_auto_init_nobinit_nopinit  
000037b1  __aeabi_d2uiz                   
000037f5  CPUcpsid                        
00003801  CPUprimask                      
0000380b  CPUcpsie                        
00003817  CPUwfi                          
0000381b  CPUbasepriSet                   
00003829  CPUbasepriGet                   
00003835  _c_int00_noargs                 
0000386d  strstr                          
000038a1  __aeabi_i2d                     
000038cf  __TI_zero_init_nomemset         
000038e1  __TI_decompress_none            
000038ef  ResetISR                        
000038fb  SysCtlDelay                     
00003901  _system_pre_init                
00003905  C$$EXIT                         
00003905  abort                           
00003f10  __TI_Handler_Table_Base         
00003f1c  __TI_Handler_Table_Limit        
00003f38  __TI_CINIT_Base                 
00003f50  __TI_CINIT_Limit                
20000000  g_pfnRAMVectors                 
2000026c  flag                            
20000270  __stack                         
20000470  __STACK_END                     
20000470  __STACK_TOP                     
20000470  ch                              
200004a4  CH                              
200004b4  clock                           
200004b8  cnt                             
ffffffff  __TI_pprof_out_hndl             
ffffffff  __TI_prof_data_size             
ffffffff  __TI_prof_data_start            
ffffffff  __binit__                       
ffffffff  __c_args__                      
ffffffff  binit                           
UNDEFED   __mpu_init                      
UNDEFED   _system_post_cinit              

[266 symbols]
