<?xml version="1.0" encoding="ISO-8859-1" ?>
<link_info>
   <banner>TI ARM Linker PC v18.1.4.LTS</banner>
   <copyright>Copyright (c) 1996-2018 Texas Instruments Incorporated</copyright>
   <link_time>0x5d1ee6ba</link_time>
   <link_errors>0x0</link_errors>
   <output_file>Initiate.out</output_file>
   <entry_point>
      <name>_c_int00_noargs</name>
      <address>0x3831</address>
   </entry_point>
   <input_file_list>
      <input_file id="fl-2">
         <path>.\</path>
         <kind>object</kind>
         <file>main.obj</file>
         <name>main.obj</name>
      </input_file>
      <input_file id="fl-3">
         <path>.\</path>
         <kind>object</kind>
         <file>tm4c123gh6pm_startup_ccs.obj</file>
         <name>tm4c123gh6pm_startup_ccs.obj</name>
      </input_file>
      <input_file id="fl-4">
         <path>.\driverlib\</path>
         <kind>object</kind>
         <file>adc.obj</file>
         <name>adc.obj</name>
      </input_file>
      <input_file id="fl-5">
         <path>.\driverlib\</path>
         <kind>object</kind>
         <file>aes.obj</file>
         <name>aes.obj</name>
      </input_file>
      <input_file id="fl-6">
         <path>.\driverlib\</path>
         <kind>object</kind>
         <file>can.obj</file>
         <name>can.obj</name>
      </input_file>
      <input_file id="fl-7">
         <path>.\driverlib\</path>
         <kind>object</kind>
         <file>comp.obj</file>
         <name>comp.obj</name>
      </input_file>
      <input_file id="fl-8">
         <path>.\driverlib\</path>
         <kind>object</kind>
         <file>cpu.obj</file>
         <name>cpu.obj</name>
      </input_file>
      <input_file id="fl-9">
         <path>.\driverlib\</path>
         <kind>object</kind>
         <file>crc.obj</file>
         <name>crc.obj</name>
      </input_file>
      <input_file id="fl-a">
         <path>.\driverlib\</path>
         <kind>object</kind>
         <file>des.obj</file>
         <name>des.obj</name>
      </input_file>
      <input_file id="fl-b">
         <path>.\driverlib\</path>
         <kind>object</kind>
         <file>eeprom.obj</file>
         <name>eeprom.obj</name>
      </input_file>
      <input_file id="fl-c">
         <path>.\driverlib\</path>
         <kind>object</kind>
         <file>emac.obj</file>
         <name>emac.obj</name>
      </input_file>
      <input_file id="fl-d">
         <path>.\driverlib\</path>
         <kind>object</kind>
         <file>epi.obj</file>
         <name>epi.obj</name>
      </input_file>
      <input_file id="fl-e">
         <path>.\driverlib\</path>
         <kind>object</kind>
         <file>epi_workaround_ccs.obj</file>
         <name>epi_workaround_ccs.obj</name>
      </input_file>
      <input_file id="fl-f">
         <path>.\driverlib\</path>
         <kind>object</kind>
         <file>flash.obj</file>
         <name>flash.obj</name>
      </input_file>
      <input_file id="fl-10">
         <path>.\driverlib\</path>
         <kind>object</kind>
         <file>fpu.obj</file>
         <name>fpu.obj</name>
      </input_file>
      <input_file id="fl-11">
         <path>.\driverlib\</path>
         <kind>object</kind>
         <file>gpio.obj</file>
         <name>gpio.obj</name>
      </input_file>
      <input_file id="fl-12">
         <path>.\driverlib\</path>
         <kind>object</kind>
         <file>hibernate.obj</file>
         <name>hibernate.obj</name>
      </input_file>
      <input_file id="fl-13">
         <path>.\driverlib\</path>
         <kind>object</kind>
         <file>i2c.obj</file>
         <name>i2c.obj</name>
      </input_file>
      <input_file id="fl-14">
         <path>.\driverlib\</path>
         <kind>object</kind>
         <file>interrupt.obj</file>
         <name>interrupt.obj</name>
      </input_file>
      <input_file id="fl-15">
         <path>.\driverlib\</path>
         <kind>object</kind>
         <file>lcd.obj</file>
         <name>lcd.obj</name>
      </input_file>
      <input_file id="fl-16">
         <path>.\driverlib\</path>
         <kind>object</kind>
         <file>mpu.obj</file>
         <name>mpu.obj</name>
      </input_file>
      <input_file id="fl-17">
         <path>.\driverlib\</path>
         <kind>object</kind>
         <file>onewire.obj</file>
         <name>onewire.obj</name>
      </input_file>
      <input_file id="fl-18">
         <path>.\driverlib\</path>
         <kind>object</kind>
         <file>pwm.obj</file>
         <name>pwm.obj</name>
      </input_file>
      <input_file id="fl-19">
         <path>.\driverlib\</path>
         <kind>object</kind>
         <file>qei.obj</file>
         <name>qei.obj</name>
      </input_file>
      <input_file id="fl-1a">
         <path>.\driverlib\</path>
         <kind>object</kind>
         <file>shamd5.obj</file>
         <name>shamd5.obj</name>
      </input_file>
      <input_file id="fl-1b">
         <path>.\driverlib\</path>
         <kind>object</kind>
         <file>ssi.obj</file>
         <name>ssi.obj</name>
      </input_file>
      <input_file id="fl-1c">
         <path>.\driverlib\</path>
         <kind>object</kind>
         <file>sw_crc.obj</file>
         <name>sw_crc.obj</name>
      </input_file>
      <input_file id="fl-1d">
         <path>.\driverlib\</path>
         <kind>object</kind>
         <file>sysctl.obj</file>
         <name>sysctl.obj</name>
      </input_file>
      <input_file id="fl-1e">
         <path>.\driverlib\</path>
         <kind>object</kind>
         <file>sysexc.obj</file>
         <name>sysexc.obj</name>
      </input_file>
      <input_file id="fl-1f">
         <path>.\driverlib\</path>
         <kind>object</kind>
         <file>systick.obj</file>
         <name>systick.obj</name>
      </input_file>
      <input_file id="fl-20">
         <path>.\driverlib\</path>
         <kind>object</kind>
         <file>timer.obj</file>
         <name>timer.obj</name>
      </input_file>
      <input_file id="fl-21">
         <path>.\driverlib\</path>
         <kind>object</kind>
         <file>uart.obj</file>
         <name>uart.obj</name>
      </input_file>
      <input_file id="fl-22">
         <path>.\driverlib\</path>
         <kind>object</kind>
         <file>udma.obj</file>
         <name>udma.obj</name>
      </input_file>
      <input_file id="fl-23">
         <path>.\driverlib\</path>
         <kind>object</kind>
         <file>usb.obj</file>
         <name>usb.obj</name>
      </input_file>
      <input_file id="fl-24">
         <path>.\driverlib\</path>
         <kind>object</kind>
         <file>watchdog.obj</file>
         <name>watchdog.obj</name>
      </input_file>
      <input_file id="fl-2c">
         <kind>object</kind>
         <file>&lt;internal&gt;</file>
         <name>&lt;internal&gt;</name>
      </input_file>
      <input_file id="fl-e2">
         <path>C:\ti\ccsv8\tools\compiler\ti-cgt-arm_18.1.4.LTS\lib\</path>
         <kind>archive</kind>
         <file>rtsv7M4_T_le_v4SPD16_eabi.lib</file>
         <name>fd_div_t2.asm.obj</name>
      </input_file>
      <input_file id="fl-e3">
         <path>C:\ti\ccsv8\tools\compiler\ti-cgt-arm_18.1.4.LTS\lib\</path>
         <kind>archive</kind>
         <file>rtsv7M4_T_le_v4SPD16_eabi.lib</file>
         <name>fd_mul_t2.asm.obj</name>
      </input_file>
      <input_file id="fl-e4">
         <path>C:\ti\ccsv8\tools\compiler\ti-cgt-arm_18.1.4.LTS\lib\</path>
         <kind>archive</kind>
         <file>rtsv7M4_T_le_v4SPD16_eabi.lib</file>
         <name>fd_tou_t2.asm.obj</name>
      </input_file>
      <input_file id="fl-e5">
         <path>C:\ti\ccsv8\tools\compiler\ti-cgt-arm_18.1.4.LTS\lib\</path>
         <kind>archive</kind>
         <file>rtsv7M4_T_le_v4SPD16_eabi.lib</file>
         <name>i_tofd_t2.asm.obj</name>
      </input_file>
      <input_file id="fl-e6">
         <path>C:\ti\ccsv8\tools\compiler\ti-cgt-arm_18.1.4.LTS\lib\</path>
         <kind>archive</kind>
         <file>rtsv7M4_T_le_v4SPD16_eabi.lib</file>
         <name>copy_zero_init.c.obj</name>
      </input_file>
      <input_file id="fl-e7">
         <path>C:\ti\ccsv8\tools\compiler\ti-cgt-arm_18.1.4.LTS\lib\</path>
         <kind>archive</kind>
         <file>rtsv7M4_T_le_v4SPD16_eabi.lib</file>
         <name>copy_decompress_none.c.obj</name>
      </input_file>
      <input_file id="fl-e8">
         <path>C:\ti\ccsv8\tools\compiler\ti-cgt-arm_18.1.4.LTS\lib\</path>
         <kind>archive</kind>
         <file>rtsv7M4_T_le_v4SPD16_eabi.lib</file>
         <name>copy_decompress_lzss.c.obj</name>
      </input_file>
      <input_file id="fl-e9">
         <path>C:\ti\ccsv8\tools\compiler\ti-cgt-arm_18.1.4.LTS\lib\</path>
         <kind>archive</kind>
         <file>rtsv7M4_T_le_v4SPD16_eabi.lib</file>
         <name>boot_cortex_m.c.obj</name>
      </input_file>
      <input_file id="fl-ea">
         <path>C:\ti\ccsv8\tools\compiler\ti-cgt-arm_18.1.4.LTS\lib\</path>
         <kind>archive</kind>
         <file>rtsv7M4_T_le_v4SPD16_eabi.lib</file>
         <name>exit.c.obj</name>
      </input_file>
      <input_file id="fl-eb">
         <path>C:\ti\ccsv8\tools\compiler\ti-cgt-arm_18.1.4.LTS\lib\</path>
         <kind>archive</kind>
         <file>rtsv7M4_T_le_v4SPD16_eabi.lib</file>
         <name>_lock.c.obj</name>
      </input_file>
      <input_file id="fl-ec">
         <path>C:\ti\ccsv8\tools\compiler\ti-cgt-arm_18.1.4.LTS\lib\</path>
         <kind>archive</kind>
         <file>rtsv7M4_T_le_v4SPD16_eabi.lib</file>
         <name>args_main.c.obj</name>
      </input_file>
      <input_file id="fl-ed">
         <path>C:\ti\ccsv8\tools\compiler\ti-cgt-arm_18.1.4.LTS\lib\</path>
         <kind>archive</kind>
         <file>rtsv7M4_T_le_v4SPD16_eabi.lib</file>
         <name>strstr.c.obj</name>
      </input_file>
      <input_file id="fl-ee">
         <path>C:\ti\ccsv8\tools\compiler\ti-cgt-arm_18.1.4.LTS\lib\</path>
         <kind>archive</kind>
         <file>rtsv7M4_T_le_v4SPD16_eabi.lib</file>
         <name>memcpy_t2.asm.obj</name>
      </input_file>
      <input_file id="fl-ef">
         <path>C:\ti\ccsv8\tools\compiler\ti-cgt-arm_18.1.4.LTS\lib\</path>
         <kind>archive</kind>
         <file>rtsv7M4_T_le_v4SPD16_eabi.lib</file>
         <name>memset_t2.asm.obj</name>
      </input_file>
      <input_file id="fl-f0">
         <path>C:\ti\ccsv8\tools\compiler\ti-cgt-arm_18.1.4.LTS\lib\</path>
         <kind>archive</kind>
         <file>rtsv7M4_T_le_v4SPD16_eabi.lib</file>
         <name>autoinit.c.obj</name>
      </input_file>
      <input_file id="fl-f1">
         <path>C:\ti\ccsv8\tools\compiler\ti-cgt-arm_18.1.4.LTS\lib\</path>
         <kind>archive</kind>
         <file>rtsv7M4_T_le_v4SPD16_eabi.lib</file>
         <name>pre_init.c.obj</name>
      </input_file>
      <input_file id="fl-f2">
         <path>C:\ti\ccsv8\tools\compiler\ti-cgt-arm_18.1.4.LTS\lib\</path>
         <kind>archive</kind>
         <file>rtsv7M4_T_le_v4SPD16_eabi.lib</file>
         <name>cpy_tbl.c.obj</name>
      </input_file>
   </input_file_list>
   <object_component_list>
      <object_component id="oc-f">
         <name>.intvecs</name>
         <load_address>0x0</load_address>
         <run_address>0x0</run_address>
         <size>0x26c</size>
         <input_file_ref idref="fl-3"/>
      </object_component>
      <object_component id="oc-77">
         <name>.text</name>
         <load_address>0x26c</load_address>
         <run_address>0x26c</run_address>
         <size>0xf80</size>
         <input_file_ref idref="fl-1d"/>
      </object_component>
      <object_component id="oc-a2">
         <name>.text</name>
         <load_address>0x11ec</load_address>
         <run_address>0x11ec</run_address>
         <size>0xb94</size>
         <input_file_ref idref="fl-11"/>
      </object_component>
      <object_component id="oc-97">
         <name>.text</name>
         <load_address>0x1d80</load_address>
         <run_address>0x1d80</run_address>
         <size>0x718</size>
         <input_file_ref idref="fl-18"/>
      </object_component>
      <object_component id="oc-a9">
         <name>.text</name>
         <load_address>0x2498</load_address>
         <run_address>0x2498</run_address>
         <size>0x62e</size>
         <input_file_ref idref="fl-21"/>
      </object_component>
      <object_component id="oc-2a">
         <name>.text</name>
         <load_address>0x2ac8</load_address>
         <run_address>0x2ac8</run_address>
         <size>0x5ec</size>
         <input_file_ref idref="fl-2"/>
      </object_component>
      <object_component id="oc-af">
         <name>.text</name>
         <load_address>0x30b4</load_address>
         <run_address>0x30b4</run_address>
         <size>0x3c0</size>
         <input_file_ref idref="fl-14"/>
      </object_component>
      <object_component id="oc-8d">
         <name>.text</name>
         <load_address>0x3474</load_address>
         <run_address>0x3474</run_address>
         <size>0x136</size>
         <input_file_ref idref="fl-e2"/>
      </object_component>
      <object_component id="oc-88">
         <name>.text</name>
         <load_address>0x35aa</load_address>
         <run_address>0x35aa</run_address>
         <size>0xfc</size>
         <input_file_ref idref="fl-e3"/>
      </object_component>
      <object_component id="oc-71">
         <name>.text</name>
         <load_address>0x36a8</load_address>
         <run_address>0x36a8</run_address>
         <size>0xc0</size>
         <input_file_ref idref="fl-10"/>
      </object_component>
      <object_component id="oc-164">
         <name>.text:__TI_auto_init_nobinit_nopinit:__TI_auto_init_nobinit_nopinit</name>
         <load_address>0x3768</load_address>
         <run_address>0x3768</run_address>
         <size>0x44</size>
         <input_file_ref idref="fl-f0"/>
      </object_component>
      <object_component id="oc-92">
         <name>.text</name>
         <load_address>0x37ac</load_address>
         <run_address>0x37ac</run_address>
         <size>0x44</size>
         <input_file_ref idref="fl-e4"/>
      </object_component>
      <object_component id="oc-f8">
         <name>.text</name>
         <load_address>0x37f0</load_address>
         <run_address>0x37f0</run_address>
         <size>0x3e</size>
         <input_file_ref idref="fl-8"/>
      </object_component>
      <object_component id="oc-5c">
         <name>.text:_c_int00_noargs:_c_int00_noargs</name>
         <load_address>0x3830</load_address>
         <run_address>0x3830</run_address>
         <size>0x38</size>
         <input_file_ref idref="fl-e9"/>
      </object_component>
      <object_component id="oc-7d">
         <name>.text:strstr</name>
         <load_address>0x3868</load_address>
         <run_address>0x3868</run_address>
         <size>0x34</size>
         <input_file_ref idref="fl-ed"/>
      </object_component>
      <object_component id="oc-83">
         <name>.text</name>
         <load_address>0x389c</load_address>
         <run_address>0x389c</run_address>
         <size>0x2e</size>
         <input_file_ref idref="fl-e5"/>
      </object_component>
      <object_component id="oc-4a">
         <name>.text:decompress:ZI:__TI_zero_init_nomemset:__TI_zero_init_nomemset</name>
         <load_address>0x38ca</load_address>
         <run_address>0x38ca</run_address>
         <size>0x12</size>
         <input_file_ref idref="fl-e6"/>
      </object_component>
      <object_component id="oc-24">
         <name>.text</name>
         <load_address>0x38dc</load_address>
         <run_address>0x38dc</run_address>
         <size>0xc</size>
         <input_file_ref idref="fl-3"/>
      </object_component>
      <object_component id="oc-107">
         <name>.text:SysCtlDelay</name>
         <load_address>0x38e8</load_address>
         <run_address>0x38e8</run_address>
         <size>0x6</size>
         <input_file_ref idref="fl-1d"/>
      </object_component>
      <object_component id="oc-e2">
         <name>.text:_system_pre_init</name>
         <load_address>0x38ee</load_address>
         <run_address>0x38ee</run_address>
         <size>0x4</size>
         <input_file_ref idref="fl-f1"/>
      </object_component>
      <object_component id="oc-158">
         <name>.text:abort:abort</name>
         <load_address>0x38f2</load_address>
         <run_address>0x38f2</run_address>
         <size>0x4</size>
         <input_file_ref idref="fl-ea"/>
      </object_component>
      <object_component id="oc-104">
         <name>.const:g_pppui32XTALtoVCO</name>
         <load_address>0x38f8</load_address>
         <run_address>0x38f8</run_address>
         <size>0x1b0</size>
         <input_file_ref idref="fl-1d"/>
      </object_component>
      <object_component id="oc-11c">
         <name>.const:g_ppui32GPIOIntMapSnowflake</name>
         <load_address>0x3aa8</load_address>
         <run_address>0x3aa8</run_address>
         <size>0xd8</size>
         <input_file_ref idref="fl-11"/>
      </object_component>
      <object_component id="oc-119">
         <name>.const:g_ppui32GPIOIntMapBlizzard</name>
         <load_address>0x3b80</load_address>
         <run_address>0x3b80</run_address>
         <size>0xc0</size>
         <input_file_ref idref="fl-11"/>
      </object_component>
      <object_component id="oc-132">
         <name>.const:g_pui32Regs</name>
         <load_address>0x3c40</load_address>
         <run_address>0x3c40</run_address>
         <size>0x9c</size>
         <input_file_ref idref="fl-14"/>
      </object_component>
      <object_component id="oc-11f">
         <name>.const:g_pui32GPIOBaseAddrs</name>
         <load_address>0x3cdc</load_address>
         <run_address>0x3cdc</run_address>
         <size>0x90</size>
         <input_file_ref idref="fl-11"/>
      </object_component>
      <object_component id="oc-fe">
         <name>.const:g_pui32Xtals</name>
         <load_address>0x3d6c</load_address>
         <run_address>0x3d6c</run_address>
         <size>0x6c</size>
         <input_file_ref idref="fl-1d"/>
      </object_component>
      <object_component id="oc-124">
         <name>.const:g_ppui32UARTIntMap</name>
         <load_address>0x3dd8</load_address>
         <run_address>0x3dd8</run_address>
         <size>0x40</size>
         <input_file_ref idref="fl-21"/>
      </object_component>
      <object_component id="oc-127">
         <name>.const:g_ppui32UARTIntMapSnowflake</name>
         <load_address>0x3e18</load_address>
         <run_address>0x3e18</run_address>
         <size>0x40</size>
         <input_file_ref idref="fl-21"/>
      </object_component>
      <object_component id="oc-f5">
         <name>.const:g_sXTALtoMEMTIM</name>
         <load_address>0x3e58</load_address>
         <run_address>0x3e58</run_address>
         <size>0x30</size>
         <input_file_ref idref="fl-1d"/>
      </object_component>
      <object_component id="oc-12f">
         <name>.const:g_pui32Priority</name>
         <load_address>0x3e88</load_address>
         <run_address>0x3e88</run_address>
         <size>0x20</size>
         <input_file_ref idref="fl-14"/>
      </object_component>
      <object_component id="oc-138">
         <name>.const:g_pui32Dii16Regs</name>
         <load_address>0x3ea8</load_address>
         <run_address>0x3ea8</run_address>
         <size>0x14</size>
         <input_file_ref idref="fl-14"/>
      </object_component>
      <object_component id="oc-135">
         <name>.const:g_pui32EnRegs</name>
         <load_address>0x3ebc</load_address>
         <run_address>0x3ebc</run_address>
         <size>0x14</size>
         <input_file_ref idref="fl-14"/>
      </object_component>
      <object_component id="oc-13b">
         <name>.const:g_pui32PendRegs</name>
         <load_address>0x3ed0</load_address>
         <run_address>0x3ed0</run_address>
         <size>0x14</size>
         <input_file_ref idref="fl-14"/>
      </object_component>
      <object_component id="oc-13e">
         <name>.const:g_pui32UnpendRegs</name>
         <load_address>0x3ee4</load_address>
         <run_address>0x3ee4</run_address>
         <size>0x14</size>
         <input_file_ref idref="fl-14"/>
      </object_component>
      <object_component id="oc-101">
         <name>.const:g_pui32VCOFrequencies</name>
         <load_address>0x3ef8</load_address>
         <run_address>0x3ef8</run_address>
         <size>0x8</size>
         <input_file_ref idref="fl-1d"/>
      </object_component>
      <object_component id="oc-241">
         <name>.cinit..bss.load</name>
         <load_address>0x3f00</load_address>
         <run_address>0x3f00</run_address>
         <size>0x8</size>
      </object_component>
      <object_component id="oc-240">
         <name>.cinit..vtable.load</name>
         <load_address>0x3f08</load_address>
         <run_address>0x3f08</run_address>
         <size>0x8</size>
      </object_component>
      <object_component id="oc-23e">
         <name>__TI_handler_table</name>
         <load_address>0x3f10</load_address>
         <run_address>0x3f10</run_address>
         <size>0x4</size>
      </object_component>
      <object_component id="oc-23f">
         <name>__TI_cinit_table</name>
         <load_address>0x3f14</load_address>
         <run_address>0x3f14</run_address>
         <size>0x10</size>
      </object_component>
      <object_component id="oc-12c">
         <name>.vtable</name>
         <uninitialized>true</uninitialized>
         <run_address>0x20000000</run_address>
         <size>0x26c</size>
         <input_file_ref idref="fl-14"/>
      </object_component>
      <object_component id="oc-9d">
         <name>.common:clock</name>
         <uninitialized>true</uninitialized>
         <run_address>0x200004b4</run_address>
         <size>0x4</size>
      </object_component>
      <object_component id="oc-a8">
         <name>.common:CH</name>
         <uninitialized>true</uninitialized>
         <run_address>0x200004a4</run_address>
         <size>0x10</size>
      </object_component>
      <object_component id="oc-a1">
         <name>.common:cnt</name>
         <uninitialized>true</uninitialized>
         <run_address>0x200004b8</run_address>
         <size>0x1</size>
      </object_component>
      <object_component id="oc-a0">
         <name>.common:ch</name>
         <uninitialized>true</uninitialized>
         <run_address>0x20000470</run_address>
         <size>0x34</size>
      </object_component>
      <object_component id="oc-21">
         <name>.stack</name>
         <uninitialized>true</uninitialized>
         <run_address>0x20000270</run_address>
         <size>0x4</size>
         <input_file_ref idref="fl-e9"/>
      </object_component>
      <object_component id="oc-242">
         <name>.stack</name>
         <uninitialized>true</uninitialized>
         <run_address>0x20000270</run_address>
         <size>0x0</size>
      </object_component>
      <object_component id="oc-9e">
         <name>.debug_info</name>
         <load_address>0x0</load_address>
         <run_address>0x0</run_address>
         <size>0x856</size>
         <input_file_ref idref="fl-2"/>
      </object_component>
      <object_component id="oc-2b">
         <name>.debug_info</name>
         <load_address>0x856</load_address>
         <run_address>0x856</run_address>
         <size>0xd64</size>
         <input_file_ref idref="fl-2"/>
      </object_component>
      <object_component id="oc-c2">
         <name>.debug_info</name>
         <load_address>0x15ba</load_address>
         <run_address>0x15ba</run_address>
         <size>0x26b</size>
         <input_file_ref idref="fl-2"/>
      </object_component>
      <object_component id="oc-b6">
         <name>.debug_info</name>
         <load_address>0x1825</load_address>
         <run_address>0x1825</run_address>
         <size>0x8b</size>
         <input_file_ref idref="fl-2"/>
      </object_component>
      <object_component id="oc-143">
         <name>.debug_info</name>
         <load_address>0x18b0</load_address>
         <run_address>0x18b0</run_address>
         <size>0x297</size>
         <input_file_ref idref="fl-2"/>
      </object_component>
      <object_component id="oc-109">
         <name>.debug_info</name>
         <load_address>0x1b47</load_address>
         <run_address>0x1b47</run_address>
         <size>0xef</size>
         <input_file_ref idref="fl-2"/>
      </object_component>
      <object_component id="oc-bb">
         <name>.debug_info</name>
         <load_address>0x1c36</load_address>
         <run_address>0x1c36</run_address>
         <size>0xbb</size>
         <input_file_ref idref="fl-2"/>
      </object_component>
      <object_component id="oc-14f">
         <name>.debug_info</name>
         <load_address>0x1cf1</load_address>
         <run_address>0x1cf1</run_address>
         <size>0x2c</size>
         <input_file_ref idref="fl-2"/>
      </object_component>
      <object_component id="oc-32">
         <name>.debug_info</name>
         <load_address>0x1d1d</load_address>
         <run_address>0x1d1d</run_address>
         <size>0x2f4</size>
         <input_file_ref idref="fl-3"/>
      </object_component>
      <object_component id="oc-10">
         <name>.debug_info</name>
         <load_address>0x2011</load_address>
         <run_address>0x2011</run_address>
         <size>0xe7</size>
         <input_file_ref idref="fl-3"/>
      </object_component>
      <object_component id="oc-27">
         <name>.debug_info</name>
         <load_address>0x20f8</load_address>
         <run_address>0x20f8</run_address>
         <size>0x263</size>
         <input_file_ref idref="fl-3"/>
      </object_component>
      <object_component id="oc-39">
         <name>.debug_info</name>
         <load_address>0x235b</load_address>
         <run_address>0x235b</run_address>
         <size>0x84</size>
         <input_file_ref idref="fl-3"/>
      </object_component>
      <object_component id="oc-fb">
         <name>.debug_info</name>
         <load_address>0x23df</load_address>
         <run_address>0x23df</run_address>
         <size>0x334</size>
         <input_file_ref idref="fl-8"/>
      </object_component>
      <object_component id="oc-73">
         <name>.debug_info</name>
         <load_address>0x2713</load_address>
         <run_address>0x2713</run_address>
         <size>0x524</size>
         <input_file_ref idref="fl-10"/>
      </object_component>
      <object_component id="oc-123">
         <name>.debug_info</name>
         <load_address>0x2c37</load_address>
         <run_address>0x2c37</run_address>
         <size>0x358</size>
         <input_file_ref idref="fl-11"/>
      </object_component>
      <object_component id="oc-11a">
         <name>.debug_info</name>
         <load_address>0x2f8f</load_address>
         <run_address>0x2f8f</run_address>
         <size>0xf8</size>
         <input_file_ref idref="fl-11"/>
      </object_component>
      <object_component id="oc-11d">
         <name>.debug_info</name>
         <load_address>0x3087</load_address>
         <run_address>0x3087</run_address>
         <size>0xfa</size>
         <input_file_ref idref="fl-11"/>
      </object_component>
      <object_component id="oc-120">
         <name>.debug_info</name>
         <load_address>0x3181</load_address>
         <run_address>0x3181</run_address>
         <size>0xec</size>
         <input_file_ref idref="fl-11"/>
      </object_component>
      <object_component id="oc-a3">
         <name>.debug_info</name>
         <load_address>0x326d</load_address>
         <run_address>0x326d</run_address>
         <size>0x311b</size>
         <input_file_ref idref="fl-11"/>
      </object_component>
      <object_component id="oc-142">
         <name>.debug_info</name>
         <load_address>0x6388</load_address>
         <run_address>0x6388</run_address>
         <size>0x335</size>
         <input_file_ref idref="fl-14"/>
      </object_component>
      <object_component id="oc-130">
         <name>.debug_info</name>
         <load_address>0x66bd</load_address>
         <run_address>0x66bd</run_address>
         <size>0xe7</size>
         <input_file_ref idref="fl-14"/>
      </object_component>
      <object_component id="oc-133">
         <name>.debug_info</name>
         <load_address>0x67a4</load_address>
         <run_address>0x67a4</run_address>
         <size>0xdf</size>
         <input_file_ref idref="fl-14"/>
      </object_component>
      <object_component id="oc-136">
         <name>.debug_info</name>
         <load_address>0x6883</load_address>
         <run_address>0x6883</run_address>
         <size>0xe3</size>
         <input_file_ref idref="fl-14"/>
      </object_component>
      <object_component id="oc-139">
         <name>.debug_info</name>
         <load_address>0x6966</load_address>
         <run_address>0x6966</run_address>
         <size>0xe9</size>
         <input_file_ref idref="fl-14"/>
      </object_component>
      <object_component id="oc-13c">
         <name>.debug_info</name>
         <load_address>0x6a4f</load_address>
         <run_address>0x6a4f</run_address>
         <size>0xe7</size>
         <input_file_ref idref="fl-14"/>
      </object_component>
      <object_component id="oc-13f">
         <name>.debug_info</name>
         <load_address>0x6b36</load_address>
         <run_address>0x6b36</run_address>
         <size>0xeb</size>
         <input_file_ref idref="fl-14"/>
      </object_component>
      <object_component id="oc-12d">
         <name>.debug_info</name>
         <load_address>0x6c21</load_address>
         <run_address>0x6c21</run_address>
         <size>0xe8</size>
         <input_file_ref idref="fl-14"/>
      </object_component>
      <object_component id="oc-b3">
         <name>.debug_info</name>
         <load_address>0x6d09</load_address>
         <run_address>0x6d09</run_address>
         <size>0xce8</size>
         <input_file_ref idref="fl-14"/>
      </object_component>
      <object_component id="oc-116">
         <name>.debug_info</name>
         <load_address>0x79f1</load_address>
         <run_address>0x79f1</run_address>
         <size>0x30a</size>
         <input_file_ref idref="fl-18"/>
      </object_component>
      <object_component id="oc-99">
         <name>.debug_info</name>
         <load_address>0x7cfb</load_address>
         <run_address>0x7cfb</run_address>
         <size>0x2779</size>
         <input_file_ref idref="fl-18"/>
      </object_component>
      <object_component id="oc-10e">
         <name>.debug_info</name>
         <load_address>0xa474</load_address>
         <run_address>0xa474</run_address>
         <size>0x3ba</size>
         <input_file_ref idref="fl-1d"/>
      </object_component>
      <object_component id="oc-ff">
         <name>.debug_info</name>
         <load_address>0xa82e</load_address>
         <run_address>0xa82e</run_address>
         <size>0xde</size>
         <input_file_ref idref="fl-1d"/>
      </object_component>
      <object_component id="oc-105">
         <name>.debug_info</name>
         <load_address>0xa90c</load_address>
         <run_address>0xa90c</run_address>
         <size>0xea</size>
         <input_file_ref idref="fl-1d"/>
      </object_component>
      <object_component id="oc-f6">
         <name>.debug_info</name>
         <load_address>0xa9f6</load_address>
         <run_address>0xa9f6</run_address>
         <size>0xe4</size>
         <input_file_ref idref="fl-1d"/>
      </object_component>
      <object_component id="oc-102">
         <name>.debug_info</name>
         <load_address>0xaada</load_address>
         <run_address>0xaada</run_address>
         <size>0xf1</size>
         <input_file_ref idref="fl-1d"/>
      </object_component>
      <object_component id="oc-7a">
         <name>.debug_info</name>
         <load_address>0xabcb</load_address>
         <run_address>0xabcb</run_address>
         <size>0x2b2e</size>
         <input_file_ref idref="fl-1d"/>
      </object_component>
      <object_component id="oc-1a1">
         <name>.debug_info</name>
         <load_address>0xd6f9</load_address>
         <run_address>0xd6f9</run_address>
         <size>0x51</size>
         <input_file_ref idref="fl-1d"/>
      </object_component>
      <object_component id="oc-12b">
         <name>.debug_info</name>
         <load_address>0xd74a</load_address>
         <run_address>0xd74a</run_address>
         <size>0x33a</size>
         <input_file_ref idref="fl-21"/>
      </object_component>
      <object_component id="oc-125">
         <name>.debug_info</name>
         <load_address>0xda84</load_address>
         <run_address>0xda84</run_address>
         <size>0xe8</size>
         <input_file_ref idref="fl-21"/>
      </object_component>
      <object_component id="oc-128">
         <name>.debug_info</name>
         <load_address>0xdb6c</load_address>
         <run_address>0xdb6c</run_address>
         <size>0xfa</size>
         <input_file_ref idref="fl-21"/>
      </object_component>
      <object_component id="oc-ac">
         <name>.debug_info</name>
         <load_address>0xdc66</load_address>
         <run_address>0xdc66</run_address>
         <size>0x26fa</size>
         <input_file_ref idref="fl-21"/>
      </object_component>
      <object_component id="oc-90">
         <name>.debug_info</name>
         <load_address>0x10360</load_address>
         <run_address>0x10360</run_address>
         <size>0x13d</size>
         <input_file_ref idref="fl-e2"/>
      </object_component>
      <object_component id="oc-8a">
         <name>.debug_info</name>
         <load_address>0x1049d</load_address>
         <run_address>0x1049d</run_address>
         <size>0x13d</size>
         <input_file_ref idref="fl-e3"/>
      </object_component>
      <object_component id="oc-95">
         <name>.debug_info</name>
         <load_address>0x105da</load_address>
         <run_address>0x105da</run_address>
         <size>0x13c</size>
         <input_file_ref idref="fl-e4"/>
      </object_component>
      <object_component id="oc-86">
         <name>.debug_info</name>
         <load_address>0x10716</load_address>
         <run_address>0x10716</run_address>
         <size>0x12f</size>
         <input_file_ref idref="fl-e5"/>
      </object_component>
      <object_component id="oc-db">
         <name>.debug_info</name>
         <load_address>0x10845</load_address>
         <run_address>0x10845</run_address>
         <size>0x31e</size>
         <input_file_ref idref="fl-e6"/>
      </object_component>
      <object_component id="oc-4b">
         <name>.debug_info</name>
         <load_address>0x10b63</load_address>
         <run_address>0x10b63</run_address>
         <size>0x1bf</size>
         <input_file_ref idref="fl-e6"/>
      </object_component>
      <object_component id="oc-d6">
         <name>.debug_info</name>
         <load_address>0x10d22</load_address>
         <run_address>0x10d22</run_address>
         <size>0x46</size>
         <input_file_ref idref="fl-e6"/>
      </object_component>
      <object_component id="oc-22">
         <name>.debug_info</name>
         <load_address>0x10d68</load_address>
         <run_address>0x10d68</run_address>
         <size>0x10b</size>
         <input_file_ref idref="fl-e9"/>
      </object_component>
      <object_component id="oc-5d">
         <name>.debug_info</name>
         <load_address>0x10e73</load_address>
         <run_address>0x10e73</run_address>
         <size>0x1af</size>
         <input_file_ref idref="fl-e9"/>
      </object_component>
      <object_component id="oc-15a">
         <name>.debug_info</name>
         <load_address>0x11022</load_address>
         <run_address>0x11022</run_address>
         <size>0x122</size>
         <input_file_ref idref="fl-ea"/>
      </object_component>
      <object_component id="oc-110">
         <name>.debug_info</name>
         <load_address>0x11144</load_address>
         <run_address>0x11144</run_address>
         <size>0x295</size>
         <input_file_ref idref="fl-ed"/>
      </object_component>
      <object_component id="oc-7f">
         <name>.debug_info</name>
         <load_address>0x113d9</load_address>
         <run_address>0x113d9</run_address>
         <size>0x1d1</size>
         <input_file_ref idref="fl-ed"/>
      </object_component>
      <object_component id="oc-1d2">
         <name>.debug_info</name>
         <load_address>0x115aa</load_address>
         <run_address>0x115aa</run_address>
         <size>0x552</size>
         <input_file_ref idref="fl-f0"/>
      </object_component>
      <object_component id="oc-165">
         <name>.debug_info</name>
         <load_address>0x11afc</load_address>
         <run_address>0x11afc</run_address>
         <size>0x1a6</size>
         <input_file_ref idref="fl-f0"/>
      </object_component>
      <object_component id="oc-1f7">
         <name>.debug_info</name>
         <load_address>0x11ca2</load_address>
         <run_address>0x11ca2</run_address>
         <size>0x39</size>
         <input_file_ref idref="fl-f0"/>
      </object_component>
      <object_component id="oc-20b">
         <name>.debug_info</name>
         <load_address>0x11cdb</load_address>
         <run_address>0x11cdb</run_address>
         <size>0x39</size>
         <input_file_ref idref="fl-f0"/>
      </object_component>
      <object_component id="oc-1fc">
         <name>.debug_info</name>
         <load_address>0x11d14</load_address>
         <run_address>0x11d14</run_address>
         <size>0x39</size>
         <input_file_ref idref="fl-f0"/>
      </object_component>
      <object_component id="oc-201">
         <name>.debug_info</name>
         <load_address>0x11d4d</load_address>
         <run_address>0x11d4d</run_address>
         <size>0xcd</size>
         <input_file_ref idref="fl-f0"/>
      </object_component>
      <object_component id="oc-e6">
         <name>.debug_info</name>
         <load_address>0x11e1a</load_address>
         <run_address>0x11e1a</run_address>
         <size>0x153</size>
         <input_file_ref idref="fl-f1"/>
      </object_component>
      <object_component id="oc-243">
         <name>.debug_info</name>
         <load_address>0x11f6d</load_address>
         <run_address>0x11f6d</run_address>
         <size>0x9d</size>
      </object_component>
      <object_component id="oc-118">
         <name>.debug_line</name>
         <load_address>0x0</load_address>
         <run_address>0x0</run_address>
         <size>0x101</size>
         <input_file_ref idref="fl-2"/>
      </object_component>
      <object_component id="oc-2e">
         <name>.debug_line</name>
         <load_address>0x101</load_address>
         <run_address>0x101</run_address>
         <size>0x1ed</size>
         <input_file_ref idref="fl-2"/>
      </object_component>
      <object_component id="oc-c5">
         <name>.debug_line</name>
         <load_address>0x2ee</load_address>
         <run_address>0x2ee</run_address>
         <size>0x69</size>
         <input_file_ref idref="fl-2"/>
      </object_component>
      <object_component id="oc-b9">
         <name>.debug_line</name>
         <load_address>0x357</load_address>
         <run_address>0x357</run_address>
         <size>0x20</size>
         <input_file_ref idref="fl-2"/>
      </object_component>
      <object_component id="oc-146">
         <name>.debug_line</name>
         <load_address>0x377</load_address>
         <run_address>0x377</run_address>
         <size>0x6d</size>
         <input_file_ref idref="fl-2"/>
      </object_component>
      <object_component id="oc-10c">
         <name>.debug_line</name>
         <load_address>0x3e4</load_address>
         <run_address>0x3e4</run_address>
         <size>0x69</size>
         <input_file_ref idref="fl-2"/>
      </object_component>
      <object_component id="oc-be">
         <name>.debug_line</name>
         <load_address>0x44d</load_address>
         <run_address>0x44d</run_address>
         <size>0x6a</size>
         <input_file_ref idref="fl-2"/>
      </object_component>
      <object_component id="oc-152">
         <name>.debug_line</name>
         <load_address>0x4b7</load_address>
         <run_address>0x4b7</run_address>
         <size>0x65</size>
         <input_file_ref idref="fl-2"/>
      </object_component>
      <object_component id="oc-c1">
         <name>.debug_line</name>
         <load_address>0x51c</load_address>
         <run_address>0x51c</run_address>
         <size>0x41</size>
         <input_file_ref idref="fl-3"/>
      </object_component>
      <object_component id="oc-31">
         <name>.debug_line</name>
         <load_address>0x55d</load_address>
         <run_address>0x55d</run_address>
         <size>0x41</size>
         <input_file_ref idref="fl-3"/>
      </object_component>
      <object_component id="oc-25">
         <name>.debug_line</name>
         <load_address>0x59e</load_address>
         <run_address>0x59e</run_address>
         <size>0xa1</size>
         <input_file_ref idref="fl-3"/>
      </object_component>
      <object_component id="oc-3c">
         <name>.debug_line</name>
         <load_address>0x63f</load_address>
         <run_address>0x63f</run_address>
         <size>0x20</size>
         <input_file_ref idref="fl-3"/>
      </object_component>
      <object_component id="oc-f9">
         <name>.debug_line</name>
         <load_address>0x65f</load_address>
         <run_address>0x65f</run_address>
         <size>0xd9</size>
         <input_file_ref idref="fl-8"/>
      </object_component>
      <object_component id="oc-72">
         <name>.debug_line</name>
         <load_address>0x738</load_address>
         <run_address>0x738</run_address>
         <size>0x126</size>
         <input_file_ref idref="fl-10"/>
      </object_component>
      <object_component id="oc-1b0">
         <name>.debug_line</name>
         <load_address>0x85e</load_address>
         <run_address>0x85e</run_address>
         <size>0x62</size>
         <input_file_ref idref="fl-11"/>
      </object_component>
      <object_component id="oc-1aa">
         <name>.debug_line</name>
         <load_address>0x8c0</load_address>
         <run_address>0x8c0</run_address>
         <size>0x37</size>
         <input_file_ref idref="fl-11"/>
      </object_component>
      <object_component id="oc-1ac">
         <name>.debug_line</name>
         <load_address>0x8f7</load_address>
         <run_address>0x8f7</run_address>
         <size>0x37</size>
         <input_file_ref idref="fl-11"/>
      </object_component>
      <object_component id="oc-1ae">
         <name>.debug_line</name>
         <load_address>0x92e</load_address>
         <run_address>0x92e</run_address>
         <size>0x37</size>
         <input_file_ref idref="fl-11"/>
      </object_component>
      <object_component id="oc-a6">
         <name>.debug_line</name>
         <load_address>0x965</load_address>
         <run_address>0x965</run_address>
         <size>0x632</size>
         <input_file_ref idref="fl-11"/>
      </object_component>
      <object_component id="oc-1c6">
         <name>.debug_line</name>
         <load_address>0xf97</load_address>
         <run_address>0xf97</run_address>
         <size>0x5c</size>
         <input_file_ref idref="fl-14"/>
      </object_component>
      <object_component id="oc-1ba">
         <name>.debug_line</name>
         <load_address>0xff3</load_address>
         <run_address>0xff3</run_address>
         <size>0x3c</size>
         <input_file_ref idref="fl-14"/>
      </object_component>
      <object_component id="oc-1bc">
         <name>.debug_line</name>
         <load_address>0x102f</load_address>
         <run_address>0x102f</run_address>
         <size>0x3c</size>
         <input_file_ref idref="fl-14"/>
      </object_component>
      <object_component id="oc-1be">
         <name>.debug_line</name>
         <load_address>0x106b</load_address>
         <run_address>0x106b</run_address>
         <size>0x3c</size>
         <input_file_ref idref="fl-14"/>
      </object_component>
      <object_component id="oc-1c0">
         <name>.debug_line</name>
         <load_address>0x10a7</load_address>
         <run_address>0x10a7</run_address>
         <size>0x3c</size>
         <input_file_ref idref="fl-14"/>
      </object_component>
      <object_component id="oc-1c2">
         <name>.debug_line</name>
         <load_address>0x10e3</load_address>
         <run_address>0x10e3</run_address>
         <size>0x3c</size>
         <input_file_ref idref="fl-14"/>
      </object_component>
      <object_component id="oc-1c4">
         <name>.debug_line</name>
         <load_address>0x111f</load_address>
         <run_address>0x111f</run_address>
         <size>0x3c</size>
         <input_file_ref idref="fl-14"/>
      </object_component>
      <object_component id="oc-1b8">
         <name>.debug_line</name>
         <load_address>0x115b</load_address>
         <run_address>0x115b</run_address>
         <size>0x3c</size>
         <input_file_ref idref="fl-14"/>
      </object_component>
      <object_component id="oc-b1">
         <name>.debug_line</name>
         <load_address>0x1197</load_address>
         <run_address>0x1197</run_address>
         <size>0x2ed</size>
         <input_file_ref idref="fl-14"/>
      </object_component>
      <object_component id="oc-1a8">
         <name>.debug_line</name>
         <load_address>0x1484</load_address>
         <run_address>0x1484</run_address>
         <size>0x62</size>
         <input_file_ref idref="fl-18"/>
      </object_component>
      <object_component id="oc-98">
         <name>.debug_line</name>
         <load_address>0x14e6</load_address>
         <run_address>0x14e6</run_address>
         <size>0x557</size>
         <input_file_ref idref="fl-18"/>
      </object_component>
      <object_component id="oc-1a0">
         <name>.debug_line</name>
         <load_address>0x1a3d</load_address>
         <run_address>0x1a3d</run_address>
         <size>0xdd</size>
         <input_file_ref idref="fl-1d"/>
      </object_component>
      <object_component id="oc-19a">
         <name>.debug_line</name>
         <load_address>0x1b1a</load_address>
         <run_address>0x1b1a</run_address>
         <size>0x39</size>
         <input_file_ref idref="fl-1d"/>
      </object_component>
      <object_component id="oc-19e">
         <name>.debug_line</name>
         <load_address>0x1b53</load_address>
         <run_address>0x1b53</run_address>
         <size>0x39</size>
         <input_file_ref idref="fl-1d"/>
      </object_component>
      <object_component id="oc-197">
         <name>.debug_line</name>
         <load_address>0x1b8c</load_address>
         <run_address>0x1b8c</run_address>
         <size>0x39</size>
         <input_file_ref idref="fl-1d"/>
      </object_component>
      <object_component id="oc-19c">
         <name>.debug_line</name>
         <load_address>0x1bc5</load_address>
         <run_address>0x1bc5</run_address>
         <size>0x39</size>
         <input_file_ref idref="fl-1d"/>
      </object_component>
      <object_component id="oc-79">
         <name>.debug_line</name>
         <load_address>0x1bfe</load_address>
         <run_address>0x1bfe</run_address>
         <size>0x9b0</size>
         <input_file_ref idref="fl-1d"/>
      </object_component>
      <object_component id="oc-1a3">
         <name>.debug_line</name>
         <load_address>0x25ae</load_address>
         <run_address>0x25ae</run_address>
         <size>0x39</size>
         <input_file_ref idref="fl-1d"/>
      </object_component>
      <object_component id="oc-1b6">
         <name>.debug_line</name>
         <load_address>0x25e7</load_address>
         <run_address>0x25e7</run_address>
         <size>0x62</size>
         <input_file_ref idref="fl-21"/>
      </object_component>
      <object_component id="oc-1b2">
         <name>.debug_line</name>
         <load_address>0x2649</load_address>
         <run_address>0x2649</run_address>
         <size>0x37</size>
         <input_file_ref idref="fl-21"/>
      </object_component>
      <object_component id="oc-1b4">
         <name>.debug_line</name>
         <load_address>0x2680</load_address>
         <run_address>0x2680</run_address>
         <size>0x37</size>
         <input_file_ref idref="fl-21"/>
      </object_component>
      <object_component id="oc-ae">
         <name>.debug_line</name>
         <load_address>0x26b7</load_address>
         <run_address>0x26b7</run_address>
         <size>0x5b6</size>
         <input_file_ref idref="fl-21"/>
      </object_component>
      <object_component id="oc-8e">
         <name>.debug_line</name>
         <load_address>0x2c6d</load_address>
         <run_address>0x2c6d</run_address>
         <size>0xa8</size>
         <input_file_ref idref="fl-e2"/>
      </object_component>
      <object_component id="oc-8c">
         <name>.debug_line</name>
         <load_address>0x2d15</load_address>
         <run_address>0x2d15</run_address>
         <size>0x8e</size>
         <input_file_ref idref="fl-e3"/>
      </object_component>
      <object_component id="oc-93">
         <name>.debug_line</name>
         <load_address>0x2da3</load_address>
         <run_address>0x2da3</run_address>
         <size>0x59</size>
         <input_file_ref idref="fl-e4"/>
      </object_component>
      <object_component id="oc-85">
         <name>.debug_line</name>
         <load_address>0x2dfc</load_address>
         <run_address>0x2dfc</run_address>
         <size>0x50</size>
         <input_file_ref idref="fl-e5"/>
      </object_component>
      <object_component id="oc-155">
         <name>.debug_line</name>
         <load_address>0x2e4c</load_address>
         <run_address>0x2e4c</run_address>
         <size>0xa9</size>
         <input_file_ref idref="fl-e6"/>
      </object_component>
      <object_component id="oc-4f">
         <name>.debug_line</name>
         <load_address>0x2ef5</load_address>
         <run_address>0x2ef5</run_address>
         <size>0x4f</size>
         <input_file_ref idref="fl-e6"/>
      </object_component>
      <object_component id="oc-d9">
         <name>.debug_line</name>
         <load_address>0x2f44</load_address>
         <run_address>0x2f44</run_address>
         <size>0x34</size>
         <input_file_ref idref="fl-e6"/>
      </object_component>
      <object_component id="oc-6f">
         <name>.debug_line</name>
         <load_address>0x2f78</load_address>
         <run_address>0x2f78</run_address>
         <size>0x33</size>
         <input_file_ref idref="fl-e9"/>
      </object_component>
      <object_component id="oc-61">
         <name>.debug_line</name>
         <load_address>0x2fab</load_address>
         <run_address>0x2fab</run_address>
         <size>0x56</size>
         <input_file_ref idref="fl-e9"/>
      </object_component>
      <object_component id="oc-15d">
         <name>.debug_line</name>
         <load_address>0x3001</load_address>
         <run_address>0x3001</run_address>
         <size>0x3c</size>
         <input_file_ref idref="fl-ea"/>
      </object_component>
      <object_component id="oc-1a6">
         <name>.debug_line</name>
         <load_address>0x303d</load_address>
         <run_address>0x303d</run_address>
         <size>0x20</size>
         <input_file_ref idref="fl-ed"/>
      </object_component>
      <object_component id="oc-7e">
         <name>.debug_line</name>
         <load_address>0x305d</load_address>
         <run_address>0x305d</run_address>
         <size>0x5a</size>
         <input_file_ref idref="fl-ed"/>
      </object_component>
      <object_component id="oc-1f6">
         <name>.debug_line</name>
         <load_address>0x30b7</load_address>
         <run_address>0x30b7</run_address>
         <size>0xc2</size>
         <input_file_ref idref="fl-f0"/>
      </object_component>
      <object_component id="oc-168">
         <name>.debug_line</name>
         <load_address>0x3179</load_address>
         <run_address>0x3179</run_address>
         <size>0x6c</size>
         <input_file_ref idref="fl-f0"/>
      </object_component>
      <object_component id="oc-1fa">
         <name>.debug_line</name>
         <load_address>0x31e5</load_address>
         <run_address>0x31e5</run_address>
         <size>0x2e</size>
         <input_file_ref idref="fl-f0"/>
      </object_component>
      <object_component id="oc-20e">
         <name>.debug_line</name>
         <load_address>0x3213</load_address>
         <run_address>0x3213</run_address>
         <size>0x9d</size>
         <input_file_ref idref="fl-f0"/>
      </object_component>
      <object_component id="oc-1ff">
         <name>.debug_line</name>
         <load_address>0x32b0</load_address>
         <run_address>0x32b0</run_address>
         <size>0x9a</size>
         <input_file_ref idref="fl-f0"/>
      </object_component>
      <object_component id="oc-204">
         <name>.debug_line</name>
         <load_address>0x334a</load_address>
         <run_address>0x334a</run_address>
         <size>0x96</size>
         <input_file_ref idref="fl-f0"/>
      </object_component>
      <object_component id="oc-e3">
         <name>.debug_line</name>
         <load_address>0x33e0</load_address>
         <run_address>0x33e0</run_address>
         <size>0x40</size>
         <input_file_ref idref="fl-f1"/>
      </object_component>
      <object_component id="oc-2f">
         <name>.debug_frame</name>
         <load_address>0x0</load_address>
         <run_address>0x0</run_address>
         <size>0x134</size>
         <input_file_ref idref="fl-2"/>
      </object_component>
      <object_component id="oc-26">
         <name>.debug_frame</name>
         <load_address>0x134</load_address>
         <run_address>0x134</run_address>
         <size>0x90</size>
         <input_file_ref idref="fl-3"/>
      </object_component>
      <object_component id="oc-fa">
         <name>.debug_frame</name>
         <load_address>0x1c4</load_address>
         <run_address>0x1c4</run_address>
         <size>0xbc</size>
         <input_file_ref idref="fl-8"/>
      </object_component>
      <object_component id="oc-76">
         <name>.debug_frame</name>
         <load_address>0x280</load_address>
         <run_address>0x280</run_address>
         <size>0x104</size>
         <input_file_ref idref="fl-10"/>
      </object_component>
      <object_component id="oc-a7">
         <name>.debug_frame</name>
         <load_address>0x384</load_address>
         <run_address>0x384</run_address>
         <size>0x564</size>
         <input_file_ref idref="fl-11"/>
      </object_component>
      <object_component id="oc-b0">
         <name>.debug_frame</name>
         <load_address>0x8e8</load_address>
         <run_address>0x8e8</run_address>
         <size>0x1d4</size>
         <input_file_ref idref="fl-14"/>
      </object_component>
      <object_component id="oc-9c">
         <name>.debug_frame</name>
         <load_address>0xabc</load_address>
         <run_address>0xabc</run_address>
         <size>0x3e0</size>
         <input_file_ref idref="fl-18"/>
      </object_component>
      <object_component id="oc-78">
         <name>.debug_frame</name>
         <load_address>0xe9c</load_address>
         <run_address>0xe9c</run_address>
         <size>0x5a8</size>
         <input_file_ref idref="fl-1d"/>
      </object_component>
      <object_component id="oc-ab">
         <name>.debug_frame</name>
         <load_address>0x1444</load_address>
         <run_address>0x1444</run_address>
         <size>0x4cc</size>
         <input_file_ref idref="fl-21"/>
      </object_component>
      <object_component id="oc-4e">
         <name>.debug_frame</name>
         <load_address>0x1910</load_address>
         <run_address>0x1910</run_address>
         <size>0x54</size>
         <input_file_ref idref="fl-e6"/>
      </object_component>
      <object_component id="oc-60">
         <name>.debug_frame</name>
         <load_address>0x1964</load_address>
         <run_address>0x1964</run_address>
         <size>0x58</size>
         <input_file_ref idref="fl-e9"/>
      </object_component>
      <object_component id="oc-159">
         <name>.debug_frame</name>
         <load_address>0x19bc</load_address>
         <run_address>0x19bc</run_address>
         <size>0x54</size>
         <input_file_ref idref="fl-ea"/>
      </object_component>
      <object_component id="oc-82">
         <name>.debug_frame</name>
         <load_address>0x1a10</load_address>
         <run_address>0x1a10</run_address>
         <size>0x5c</size>
         <input_file_ref idref="fl-ed"/>
      </object_component>
      <object_component id="oc-169">
         <name>.debug_frame</name>
         <load_address>0x1a6c</load_address>
         <run_address>0x1a6c</run_address>
         <size>0x5c</size>
         <input_file_ref idref="fl-f0"/>
      </object_component>
      <object_component id="oc-e5">
         <name>.debug_frame</name>
         <load_address>0x1ac8</load_address>
         <run_address>0x1ac8</run_address>
         <size>0x54</size>
         <input_file_ref idref="fl-f1"/>
      </object_component>
      <object_component id="oc-117">
         <name>.debug_abbrev</name>
         <load_address>0x0</load_address>
         <run_address>0x0</run_address>
         <size>0x121</size>
         <input_file_ref idref="fl-2"/>
      </object_component>
      <object_component id="oc-b5">
         <name>.debug_abbrev</name>
         <load_address>0x121</load_address>
         <run_address>0x121</run_address>
         <size>0xa9</size>
         <input_file_ref idref="fl-2"/>
      </object_component>
      <object_component id="oc-c4">
         <name>.debug_abbrev</name>
         <load_address>0x1ca</load_address>
         <run_address>0x1ca</run_address>
         <size>0x69</size>
         <input_file_ref idref="fl-2"/>
      </object_component>
      <object_component id="oc-b8">
         <name>.debug_abbrev</name>
         <load_address>0x233</load_address>
         <run_address>0x233</run_address>
         <size>0x1f</size>
         <input_file_ref idref="fl-2"/>
      </object_component>
      <object_component id="oc-145">
         <name>.debug_abbrev</name>
         <load_address>0x252</load_address>
         <run_address>0x252</run_address>
         <size>0x5c</size>
         <input_file_ref idref="fl-2"/>
      </object_component>
      <object_component id="oc-10b">
         <name>.debug_abbrev</name>
         <load_address>0x2ae</load_address>
         <run_address>0x2ae</run_address>
         <size>0x24</size>
         <input_file_ref idref="fl-2"/>
      </object_component>
      <object_component id="oc-bd">
         <name>.debug_abbrev</name>
         <load_address>0x2d2</load_address>
         <run_address>0x2d2</run_address>
         <size>0x24</size>
         <input_file_ref idref="fl-2"/>
      </object_component>
      <object_component id="oc-151">
         <name>.debug_abbrev</name>
         <load_address>0x2f6</load_address>
         <run_address>0x2f6</run_address>
         <size>0x24</size>
         <input_file_ref idref="fl-2"/>
      </object_component>
      <object_component id="oc-c0">
         <name>.debug_abbrev</name>
         <load_address>0x31a</load_address>
         <run_address>0x31a</run_address>
         <size>0x7c</size>
         <input_file_ref idref="fl-3"/>
      </object_component>
      <object_component id="oc-30">
         <name>.debug_abbrev</name>
         <load_address>0x396</load_address>
         <run_address>0x396</run_address>
         <size>0x29</size>
         <input_file_ref idref="fl-3"/>
      </object_component>
      <object_component id="oc-70">
         <name>.debug_abbrev</name>
         <load_address>0x3bf</load_address>
         <run_address>0x3bf</run_address>
         <size>0x79</size>
         <input_file_ref idref="fl-3"/>
      </object_component>
      <object_component id="oc-3b">
         <name>.debug_abbrev</name>
         <load_address>0x438</load_address>
         <run_address>0x438</run_address>
         <size>0x1f</size>
         <input_file_ref idref="fl-3"/>
      </object_component>
      <object_component id="oc-198">
         <name>.debug_abbrev</name>
         <load_address>0x457</load_address>
         <run_address>0x457</run_address>
         <size>0xca</size>
         <input_file_ref idref="fl-8"/>
      </object_component>
      <object_component id="oc-f4">
         <name>.debug_abbrev</name>
         <load_address>0x521</load_address>
         <run_address>0x521</run_address>
         <size>0xc6</size>
         <input_file_ref idref="fl-10"/>
      </object_component>
      <object_component id="oc-1af">
         <name>.debug_abbrev</name>
         <load_address>0x5e7</load_address>
         <run_address>0x5e7</run_address>
         <size>0x76</size>
         <input_file_ref idref="fl-11"/>
      </object_component>
      <object_component id="oc-1a9">
         <name>.debug_abbrev</name>
         <load_address>0x65d</load_address>
         <run_address>0x65d</run_address>
         <size>0x27</size>
         <input_file_ref idref="fl-11"/>
      </object_component>
      <object_component id="oc-1ab">
         <name>.debug_abbrev</name>
         <load_address>0x684</load_address>
         <run_address>0x684</run_address>
         <size>0x27</size>
         <input_file_ref idref="fl-11"/>
      </object_component>
      <object_component id="oc-1ad">
         <name>.debug_abbrev</name>
         <load_address>0x6ab</load_address>
         <run_address>0x6ab</run_address>
         <size>0x27</size>
         <input_file_ref idref="fl-11"/>
      </object_component>
      <object_component id="oc-122">
         <name>.debug_abbrev</name>
         <load_address>0x6d2</load_address>
         <run_address>0x6d2</run_address>
         <size>0xd6</size>
         <input_file_ref idref="fl-11"/>
      </object_component>
      <object_component id="oc-1c5">
         <name>.debug_abbrev</name>
         <load_address>0x7a8</load_address>
         <run_address>0x7a8</run_address>
         <size>0x92</size>
         <input_file_ref idref="fl-14"/>
      </object_component>
      <object_component id="oc-1b9">
         <name>.debug_abbrev</name>
         <load_address>0x83a</load_address>
         <run_address>0x83a</run_address>
         <size>0x27</size>
         <input_file_ref idref="fl-14"/>
      </object_component>
      <object_component id="oc-1bb">
         <name>.debug_abbrev</name>
         <load_address>0x861</load_address>
         <run_address>0x861</run_address>
         <size>0x27</size>
         <input_file_ref idref="fl-14"/>
      </object_component>
      <object_component id="oc-1bd">
         <name>.debug_abbrev</name>
         <load_address>0x888</load_address>
         <run_address>0x888</run_address>
         <size>0x27</size>
         <input_file_ref idref="fl-14"/>
      </object_component>
      <object_component id="oc-1bf">
         <name>.debug_abbrev</name>
         <load_address>0x8af</load_address>
         <run_address>0x8af</run_address>
         <size>0x27</size>
         <input_file_ref idref="fl-14"/>
      </object_component>
      <object_component id="oc-1c1">
         <name>.debug_abbrev</name>
         <load_address>0x8d6</load_address>
         <run_address>0x8d6</run_address>
         <size>0x27</size>
         <input_file_ref idref="fl-14"/>
      </object_component>
      <object_component id="oc-1c3">
         <name>.debug_abbrev</name>
         <load_address>0x8fd</load_address>
         <run_address>0x8fd</run_address>
         <size>0x27</size>
         <input_file_ref idref="fl-14"/>
      </object_component>
      <object_component id="oc-1b7">
         <name>.debug_abbrev</name>
         <load_address>0x924</load_address>
         <run_address>0x924</run_address>
         <size>0x29</size>
         <input_file_ref idref="fl-14"/>
      </object_component>
      <object_component id="oc-141">
         <name>.debug_abbrev</name>
         <load_address>0x94d</load_address>
         <run_address>0x94d</run_address>
         <size>0x101</size>
         <input_file_ref idref="fl-14"/>
      </object_component>
      <object_component id="oc-1a7">
         <name>.debug_abbrev</name>
         <load_address>0xa4e</load_address>
         <run_address>0xa4e</run_address>
         <size>0x5b</size>
         <input_file_ref idref="fl-18"/>
      </object_component>
      <object_component id="oc-115">
         <name>.debug_abbrev</name>
         <load_address>0xaa9</load_address>
         <run_address>0xaa9</run_address>
         <size>0x103</size>
         <input_file_ref idref="fl-18"/>
      </object_component>
      <object_component id="oc-19f">
         <name>.debug_abbrev</name>
         <load_address>0xbac</load_address>
         <run_address>0xbac</run_address>
         <size>0xb4</size>
         <input_file_ref idref="fl-1d"/>
      </object_component>
      <object_component id="oc-199">
         <name>.debug_abbrev</name>
         <load_address>0xc60</load_address>
         <run_address>0xc60</run_address>
         <size>0x27</size>
         <input_file_ref idref="fl-1d"/>
      </object_component>
      <object_component id="oc-19d">
         <name>.debug_abbrev</name>
         <load_address>0xc87</load_address>
         <run_address>0xc87</run_address>
         <size>0x27</size>
         <input_file_ref idref="fl-1d"/>
      </object_component>
      <object_component id="oc-196">
         <name>.debug_abbrev</name>
         <load_address>0xcae</load_address>
         <run_address>0xcae</run_address>
         <size>0x27</size>
         <input_file_ref idref="fl-1d"/>
      </object_component>
      <object_component id="oc-19b">
         <name>.debug_abbrev</name>
         <load_address>0xcd5</load_address>
         <run_address>0xcd5</run_address>
         <size>0x27</size>
         <input_file_ref idref="fl-1d"/>
      </object_component>
      <object_component id="oc-108">
         <name>.debug_abbrev</name>
         <load_address>0xcfc</load_address>
         <run_address>0xcfc</run_address>
         <size>0x12e</size>
         <input_file_ref idref="fl-1d"/>
      </object_component>
      <object_component id="oc-1a2">
         <name>.debug_abbrev</name>
         <load_address>0xe2a</load_address>
         <run_address>0xe2a</run_address>
         <size>0x38</size>
         <input_file_ref idref="fl-1d"/>
      </object_component>
      <object_component id="oc-1b5">
         <name>.debug_abbrev</name>
         <load_address>0xe62</load_address>
         <run_address>0xe62</run_address>
         <size>0x76</size>
         <input_file_ref idref="fl-21"/>
      </object_component>
      <object_component id="oc-1b1">
         <name>.debug_abbrev</name>
         <load_address>0xed8</load_address>
         <run_address>0xed8</run_address>
         <size>0x27</size>
         <input_file_ref idref="fl-21"/>
      </object_component>
      <object_component id="oc-1b3">
         <name>.debug_abbrev</name>
         <load_address>0xeff</load_address>
         <run_address>0xeff</run_address>
         <size>0x27</size>
         <input_file_ref idref="fl-21"/>
      </object_component>
      <object_component id="oc-12a">
         <name>.debug_abbrev</name>
         <load_address>0xf26</load_address>
         <run_address>0xf26</run_address>
         <size>0x132</size>
         <input_file_ref idref="fl-21"/>
      </object_component>
      <object_component id="oc-113">
         <name>.debug_abbrev</name>
         <load_address>0x1058</load_address>
         <run_address>0x1058</run_address>
         <size>0x3c</size>
         <input_file_ref idref="fl-e2"/>
      </object_component>
      <object_component id="oc-112">
         <name>.debug_abbrev</name>
         <load_address>0x1094</load_address>
         <run_address>0x1094</run_address>
         <size>0x3c</size>
         <input_file_ref idref="fl-e3"/>
      </object_component>
      <object_component id="oc-114">
         <name>.debug_abbrev</name>
         <load_address>0x10d0</load_address>
         <run_address>0x10d0</run_address>
         <size>0x4a</size>
         <input_file_ref idref="fl-e4"/>
      </object_component>
      <object_component id="oc-111">
         <name>.debug_abbrev</name>
         <load_address>0x111a</load_address>
         <run_address>0x111a</run_address>
         <size>0x3e</size>
         <input_file_ref idref="fl-e5"/>
      </object_component>
      <object_component id="oc-154">
         <name>.debug_abbrev</name>
         <load_address>0x1158</load_address>
         <run_address>0x1158</run_address>
         <size>0x73</size>
         <input_file_ref idref="fl-e6"/>
      </object_component>
      <object_component id="oc-d5">
         <name>.debug_abbrev</name>
         <load_address>0x11cb</load_address>
         <run_address>0x11cb</run_address>
         <size>0x6f</size>
         <input_file_ref idref="fl-e6"/>
      </object_component>
      <object_component id="oc-d8">
         <name>.debug_abbrev</name>
         <load_address>0x123a</load_address>
         <run_address>0x123a</run_address>
         <size>0x24</size>
         <input_file_ref idref="fl-e6"/>
      </object_component>
      <object_component id="oc-6e">
         <name>.debug_abbrev</name>
         <load_address>0x125e</load_address>
         <run_address>0x125e</run_address>
         <size>0x29</size>
         <input_file_ref idref="fl-e9"/>
      </object_component>
      <object_component id="oc-eb">
         <name>.debug_abbrev</name>
         <load_address>0x1287</load_address>
         <run_address>0x1287</run_address>
         <size>0x61</size>
         <input_file_ref idref="fl-e9"/>
      </object_component>
      <object_component id="oc-1c7">
         <name>.debug_abbrev</name>
         <load_address>0x12e8</load_address>
         <run_address>0x12e8</run_address>
         <size>0x45</size>
         <input_file_ref idref="fl-ea"/>
      </object_component>
      <object_component id="oc-1a5">
         <name>.debug_abbrev</name>
         <load_address>0x132d</load_address>
         <run_address>0x132d</run_address>
         <size>0x3e</size>
         <input_file_ref idref="fl-ed"/>
      </object_component>
      <object_component id="oc-10f">
         <name>.debug_abbrev</name>
         <load_address>0x136b</load_address>
         <run_address>0x136b</run_address>
         <size>0x71</size>
         <input_file_ref idref="fl-ed"/>
      </object_component>
      <object_component id="oc-1f5">
         <name>.debug_abbrev</name>
         <load_address>0x13dc</load_address>
         <run_address>0x13dc</run_address>
         <size>0xdb</size>
         <input_file_ref idref="fl-f0"/>
      </object_component>
      <object_component id="oc-1d1">
         <name>.debug_abbrev</name>
         <load_address>0x14b7</load_address>
         <run_address>0x14b7</run_address>
         <size>0x7e</size>
         <input_file_ref idref="fl-f0"/>
      </object_component>
      <object_component id="oc-1f9">
         <name>.debug_abbrev</name>
         <load_address>0x1535</load_address>
         <run_address>0x1535</run_address>
         <size>0x24</size>
         <input_file_ref idref="fl-f0"/>
      </object_component>
      <object_component id="oc-20d">
         <name>.debug_abbrev</name>
         <load_address>0x1559</load_address>
         <run_address>0x1559</run_address>
         <size>0x24</size>
         <input_file_ref idref="fl-f0"/>
      </object_component>
      <object_component id="oc-1fe">
         <name>.debug_abbrev</name>
         <load_address>0x157d</load_address>
         <run_address>0x157d</run_address>
         <size>0x24</size>
         <input_file_ref idref="fl-f0"/>
      </object_component>
      <object_component id="oc-203">
         <name>.debug_abbrev</name>
         <load_address>0x15a1</load_address>
         <run_address>0x15a1</run_address>
         <size>0x4b</size>
         <input_file_ref idref="fl-f0"/>
      </object_component>
      <object_component id="oc-157">
         <name>.debug_abbrev</name>
         <load_address>0x15ec</load_address>
         <run_address>0x15ec</run_address>
         <size>0x55</size>
         <input_file_ref idref="fl-f1"/>
      </object_component>
      <object_component id="oc-244">
         <name>.debug_abbrev</name>
         <load_address>0x1641</load_address>
         <run_address>0x1641</run_address>
         <size>0xf</size>
      </object_component>
      <object_component id="oc-c6">
         <name>.debug_str</name>
         <load_address>0x0</load_address>
         <run_address>0x0</run_address>
         <size>0x2a5</size>
         <input_file_ref idref="fl-2"/>
      </object_component>
      <object_component id="oc-ba">
         <name>.debug_str</name>
         <load_address>0x2a5</load_address>
         <run_address>0x2a5</run_address>
         <size>0xfa</size>
         <input_file_ref idref="fl-2"/>
      </object_component>
      <object_component id="oc-147">
         <name>.debug_str</name>
         <load_address>0x39f</load_address>
         <run_address>0x39f</run_address>
         <size>0x334</size>
         <input_file_ref idref="fl-2"/>
      </object_component>
      <object_component id="oc-10d">
         <name>.debug_str</name>
         <load_address>0x6d3</load_address>
         <run_address>0x6d3</run_address>
         <size>0x1b0</size>
         <input_file_ref idref="fl-2"/>
      </object_component>
      <object_component id="oc-bf">
         <name>.debug_str</name>
         <load_address>0x883</load_address>
         <run_address>0x883</run_address>
         <size>0x13d</size>
         <input_file_ref idref="fl-2"/>
      </object_component>
      <object_component id="oc-153">
         <name>.debug_str</name>
         <load_address>0x9c0</load_address>
         <run_address>0x9c0</run_address>
         <size>0xd7</size>
         <input_file_ref idref="fl-2"/>
      </object_component>
      <object_component id="oc-3d">
         <name>.debug_str</name>
         <load_address>0xa97</load_address>
         <run_address>0xa97</run_address>
         <size>0xfa</size>
         <input_file_ref idref="fl-3"/>
      </object_component>
      <object_component id="oc-1a4">
         <name>.debug_str</name>
         <load_address>0xb91</load_address>
         <run_address>0xb91</run_address>
         <size>0xc0</size>
         <input_file_ref idref="fl-1d"/>
      </object_component>
      <object_component id="oc-da">
         <name>.debug_str</name>
         <load_address>0xc51</load_address>
         <run_address>0xc51</run_address>
         <size>0x105</size>
         <input_file_ref idref="fl-e6"/>
      </object_component>
      <object_component id="oc-1fb">
         <name>.debug_str</name>
         <load_address>0xd56</load_address>
         <run_address>0xd56</run_address>
         <size>0xed</size>
         <input_file_ref idref="fl-f0"/>
      </object_component>
      <object_component id="oc-20f">
         <name>.debug_str</name>
         <load_address>0xe43</load_address>
         <run_address>0xe43</run_address>
         <size>0x15a</size>
         <input_file_ref idref="fl-f0"/>
      </object_component>
      <object_component id="oc-200">
         <name>.debug_str</name>
         <load_address>0xf9d</load_address>
         <run_address>0xf9d</run_address>
         <size>0x153</size>
         <input_file_ref idref="fl-f0"/>
      </object_component>
      <object_component id="oc-205">
         <name>.debug_str</name>
         <load_address>0x10f0</load_address>
         <run_address>0x10f0</run_address>
         <size>0x19a</size>
         <input_file_ref idref="fl-f0"/>
      </object_component>
      <object_component id="oc-2c">
         <name>.debug_aranges</name>
         <load_address>0x0</load_address>
         <run_address>0x0</run_address>
         <size>0x60</size>
         <input_file_ref idref="fl-2"/>
      </object_component>
      <object_component id="oc-28">
         <name>.debug_aranges</name>
         <load_address>0x60</load_address>
         <run_address>0x60</run_address>
         <size>0x38</size>
         <input_file_ref idref="fl-3"/>
      </object_component>
      <object_component id="oc-fd">
         <name>.debug_aranges</name>
         <load_address>0x98</load_address>
         <run_address>0x98</run_address>
         <size>0x48</size>
         <input_file_ref idref="fl-8"/>
      </object_component>
      <object_component id="oc-75">
         <name>.debug_aranges</name>
         <load_address>0xe0</load_address>
         <run_address>0xe0</run_address>
         <size>0x60</size>
         <input_file_ref idref="fl-10"/>
      </object_component>
      <object_component id="oc-a4">
         <name>.debug_aranges</name>
         <load_address>0x140</load_address>
         <run_address>0x140</run_address>
         <size>0x1a0</size>
         <input_file_ref idref="fl-11"/>
      </object_component>
      <object_component id="oc-b2">
         <name>.debug_aranges</name>
         <load_address>0x2e0</load_address>
         <run_address>0x2e0</run_address>
         <size>0xa0</size>
         <input_file_ref idref="fl-14"/>
      </object_component>
      <object_component id="oc-9a">
         <name>.debug_aranges</name>
         <load_address>0x380</load_address>
         <run_address>0x380</run_address>
         <size>0x148</size>
         <input_file_ref idref="fl-18"/>
      </object_component>
      <object_component id="oc-7c">
         <name>.debug_aranges</name>
         <load_address>0x4c8</load_address>
         <run_address>0x4c8</run_address>
         <size>0x1e0</size>
         <input_file_ref idref="fl-1d"/>
      </object_component>
      <object_component id="oc-aa">
         <name>.debug_aranges</name>
         <load_address>0x6a8</load_address>
         <run_address>0x6a8</run_address>
         <size>0x198</size>
         <input_file_ref idref="fl-21"/>
      </object_component>
      <object_component id="oc-8f">
         <name>.debug_aranges</name>
         <load_address>0x840</load_address>
         <run_address>0x840</run_address>
         <size>0x20</size>
         <input_file_ref idref="fl-e2"/>
      </object_component>
      <object_component id="oc-89">
         <name>.debug_aranges</name>
         <load_address>0x860</load_address>
         <run_address>0x860</run_address>
         <size>0x20</size>
         <input_file_ref idref="fl-e3"/>
      </object_component>
      <object_component id="oc-94">
         <name>.debug_aranges</name>
         <load_address>0x880</load_address>
         <run_address>0x880</run_address>
         <size>0x20</size>
         <input_file_ref idref="fl-e4"/>
      </object_component>
      <object_component id="oc-84">
         <name>.debug_aranges</name>
         <load_address>0x8a0</load_address>
         <run_address>0x8a0</run_address>
         <size>0x20</size>
         <input_file_ref idref="fl-e5"/>
      </object_component>
      <object_component id="oc-4c">
         <name>.debug_aranges</name>
         <load_address>0x8c0</load_address>
         <run_address>0x8c0</run_address>
         <size>0x20</size>
         <input_file_ref idref="fl-e6"/>
      </object_component>
      <object_component id="oc-5e">
         <name>.debug_aranges</name>
         <load_address>0x8e0</load_address>
         <run_address>0x8e0</run_address>
         <size>0x20</size>
         <input_file_ref idref="fl-e9"/>
      </object_component>
      <object_component id="oc-15c">
         <name>.debug_aranges</name>
         <load_address>0x900</load_address>
         <run_address>0x900</run_address>
         <size>0x20</size>
         <input_file_ref idref="fl-ea"/>
      </object_component>
      <object_component id="oc-81">
         <name>.debug_aranges</name>
         <load_address>0x920</load_address>
[...]
         <value>0x22b3</value>
         <object_component_ref idref="oc-97"/>
      </symbol>
      <symbol id="sm-30f">
         <name>PWMIntEnable</name>
         <value>0x2271</value>
         <object_component_ref idref="oc-97"/>
      </symbol>
      <symbol id="sm-310">
         <name>PWMGenConfigure</name>
         <value>0x1d81</value>
         <object_component_ref idref="oc-97"/>
      </symbol>
      <symbol id="sm-311">
         <name>PWMGenIntTrigDisable</name>
         <value>0x2211</value>
         <object_component_ref idref="oc-97"/>
      </symbol>
      <symbol id="sm-312">
         <name>PWMPulseWidthGet</name>
         <value>0x1ea3</value>
         <object_component_ref idref="oc-97"/>
      </symbol>
      <symbol id="sm-313">
         <name>PWMOutputInvert</name>
         <value>0x1f97</value>
         <object_component_ref idref="oc-97"/>
      </symbol>
      <symbol id="sm-314">
         <name>PWMFaultIntUnregister</name>
         <value>0x21d9</value>
         <object_component_ref idref="oc-97"/>
      </symbol>
      <symbol id="sm-459">
         <name>SysCtlGPIOAHBEnable</name>
         <value>0x1017</value>
         <object_component_ref idref="oc-77"/>
      </symbol>
      <symbol id="sm-45a">
         <name>SysCtlIntRegister</name>
         <value>0x6f5</value>
         <object_component_ref idref="oc-77"/>
      </symbol>
      <symbol id="sm-45b">
         <name>SysCtlFlashSizeGet</name>
         <value>0x337</value>
         <object_component_ref idref="oc-77"/>
      </symbol>
      <symbol id="sm-45c">
         <name>SysCtlPeripheralDeepSleepEnable</name>
         <value>0x609</value>
         <object_component_ref idref="oc-77"/>
      </symbol>
      <symbol id="sm-45d">
         <name>SysCtlLDODeepSleepGet</name>
         <value>0x79b</value>
         <object_component_ref idref="oc-77"/>
      </symbol>
      <symbol id="sm-45e">
         <name>SysCtlFlashSectorSizeGet</name>
         <value>0x363</value>
         <object_component_ref idref="oc-77"/>
      </symbol>
      <symbol id="sm-45f">
         <name>SysCtlIntDisable</name>
         <value>0x731</value>
         <object_component_ref idref="oc-77"/>
      </symbol>
      <symbol id="sm-460">
         <name>SysCtlResetBehaviorGet</name>
         <value>0x881</value>
         <object_component_ref idref="oc-77"/>
      </symbol>
      <symbol id="sm-461">
         <name>SysCtlPeripheralPresent</name>
         <value>0x389</value>
         <object_component_ref idref="oc-77"/>
      </symbol>
      <symbol id="sm-462">
         <name>SysCtlDeepSleepClockSet</name>
         <value>0xf3f</value>
         <object_component_ref idref="oc-77"/>
      </symbol>
      <symbol id="sm-463">
         <name>SysCtlClockSet</name>
         <value>0xbc9</value>
         <object_component_ref idref="oc-77"/>
      </symbol>
      <symbol id="sm-464">
         <name>SysCtlAltClkConfig</name>
         <value>0x11a9</value>
         <object_component_ref idref="oc-77"/>
      </symbol>
      <symbol id="sm-465">
         <name>SysCtlPeripheralClockGating</name>
         <value>0x6a1</value>
         <object_component_ref idref="oc-77"/>
      </symbol>
      <symbol id="sm-466">
         <name>SysCtlIntStatus</name>
         <value>0x759</value>
         <object_component_ref idref="oc-77"/>
      </symbol>
      <symbol id="sm-467">
         <name>SysCtlIntClear</name>
         <value>0x749</value>
         <object_component_ref idref="oc-77"/>
      </symbol>
      <symbol id="sm-468">
         <name>SysCtlVoltageEventStatus</name>
         <value>0x107d</value>
         <object_component_ref idref="oc-77"/>
      </symbol>
      <symbol id="sm-469">
         <name>SysCtlVoltageEventConfig</name>
         <value>0x106d</value>
         <object_component_ref idref="oc-77"/>
      </symbol>
      <symbol id="sm-46a">
         <name>SysCtlResetCauseGet</name>
         <value>0x7f1</value>
         <object_component_ref idref="oc-77"/>
      </symbol>
      <symbol id="sm-46b">
         <name>SysCtlSleep</name>
         <value>0x7cd</value>
         <object_component_ref idref="oc-77"/>
      </symbol>
      <symbol id="sm-46c">
         <name>SysCtlPWMClockGet</name>
         <value>0x1001</value>
         <object_component_ref idref="oc-77"/>
      </symbol>
      <symbol id="sm-46d">
         <name>SysCtlDeepSleepPowerSet</name>
         <value>0x7b5</value>
         <object_component_ref idref="oc-77"/>
      </symbol>
      <symbol id="sm-46e">
         <name>SysCtlClockOutConfig</name>
         <value>0x118d</value>
         <object_component_ref idref="oc-77"/>
      </symbol>
      <symbol id="sm-46f">
         <name>SysCtlNMIStatus</name>
         <value>0x115d</value>
         <object_component_ref idref="oc-77"/>
      </symbol>
      <symbol id="sm-470">
         <name>SysCtlDeepSleepClockConfigSet</name>
         <value>0xf5d</value>
         <object_component_ref idref="oc-77"/>
      </symbol>
      <symbol id="sm-471">
         <name>SysCtlDelay</name>
         <value>0x38e9</value>
         <object_component_ref idref="oc-107"/>
      </symbol>
      <symbol id="sm-472">
         <name>SysCtlVoltageEventClear</name>
         <value>0x1089</value>
         <object_component_ref idref="oc-77"/>
      </symbol>
      <symbol id="sm-473">
         <name>SysCtlLDOSleepSet</name>
         <value>0x775</value>
         <object_component_ref idref="oc-77"/>
      </symbol>
      <symbol id="sm-474">
         <name>SysCtlMOSCConfigSet</name>
         <value>0x80b</value>
         <object_component_ref idref="oc-77"/>
      </symbol>
      <symbol id="sm-475">
         <name>SysCtlPeripheralEnable</name>
         <value>0x509</value>
         <object_component_ref idref="oc-77"/>
      </symbol>
      <symbol id="sm-476">
         <name>SysCtlIntEnable</name>
         <value>0x71d</value>
         <object_component_ref idref="oc-77"/>
      </symbol>
      <symbol id="sm-477">
         <name>SysCtlNMIClear</name>
         <value>0x1171</value>
         <object_component_ref idref="oc-77"/>
      </symbol>
      <symbol id="sm-478">
         <name>SysCtlPeripheralPowerOff</name>
         <value>0x445</value>
         <object_component_ref idref="oc-77"/>
      </symbol>
      <symbol id="sm-479">
         <name>SysCtlSleepPowerSet</name>
         <value>0x7a1</value>
         <object_component_ref idref="oc-77"/>
      </symbol>
      <symbol id="sm-47a">
         <name>SysCtlDeepSleep</name>
         <value>0x7d5</value>
         <object_component_ref idref="oc-77"/>
      </symbol>
      <symbol id="sm-47b">
         <name>SysCtlLDODeepSleepSet</name>
         <value>0x78b</value>
         <object_component_ref idref="oc-77"/>
      </symbol>
      <symbol id="sm-47c">
         <name>SysCtlPeripheralPowerOn</name>
         <value>0x409</value>
         <object_component_ref idref="oc-77"/>
      </symbol>
      <symbol id="sm-47d">
         <name>SysCtlPeripheralDeepSleepDisable</name>
         <value>0x659</value>
         <object_component_ref idref="oc-77"/>
      </symbol>
      <symbol id="sm-47e">
         <name>SysCtlPeripheralSleepDisable</name>
         <value>0x5cd</value>
         <object_component_ref idref="oc-77"/>
      </symbol>
      <symbol id="sm-47f">
         <name>SysCtlVCOGet</name>
         <value>0x10a1</value>
         <object_component_ref idref="oc-77"/>
      </symbol>
      <symbol id="sm-480">
         <name>SysCtlResetBehaviorSet</name>
         <value>0x871</value>
         <object_component_ref idref="oc-77"/>
      </symbol>
      <symbol id="sm-481">
         <name>SysCtlReset</name>
         <value>0x7c5</value>
         <object_component_ref idref="oc-77"/>
      </symbol>
      <symbol id="sm-482">
         <name>SysCtlGPIOAHBDisable</name>
         <value>0x1033</value>
         <object_component_ref idref="oc-77"/>
      </symbol>
      <symbol id="sm-483">
         <name>SysCtlSRAMSizeGet</name>
         <value>0x32d</value>
         <object_component_ref idref="oc-77"/>
      </symbol>
      <symbol id="sm-484">
         <name>SysCtlClockGet</name>
         <value>0xd99</value>
         <object_component_ref idref="oc-77"/>
      </symbol>
      <symbol id="sm-485">
         <name>SysCtlPeripheralDisable</name>
         <value>0x545</value>
         <object_component_ref idref="oc-77"/>
      </symbol>
      <symbol id="sm-486">
         <name>SysCtlPWMClockSet</name>
         <value>0xfe7</value>
         <object_component_ref idref="oc-77"/>
      </symbol>
      <symbol id="sm-487">
         <name>SysCtlUSBPLLEnable</name>
         <value>0x104f</value>
         <object_component_ref idref="oc-77"/>
      </symbol>
      <symbol id="sm-488">
         <name>SysCtlPeripheralSleepEnable</name>
         <value>0x589</value>
         <object_component_ref idref="oc-77"/>
      </symbol>
      <symbol id="sm-489">
         <name>SysCtlIntUnregister</name>
         <value>0x70d</value>
         <object_component_ref idref="oc-77"/>
      </symbol>
      <symbol id="sm-48a">
         <name>SysCtlUSBPLLDisable</name>
         <value>0x105b</value>
         <object_component_ref idref="oc-77"/>
      </symbol>
      <symbol id="sm-48b">
         <name>SysCtlPeripheralReady</name>
         <value>0x3c9</value>
         <object_component_ref idref="oc-77"/>
      </symbol>
      <symbol id="sm-48c">
         <name>SysCtlPIOSCCalibrate</name>
         <value>0x821</value>
         <object_component_ref idref="oc-77"/>
      </symbol>
      <symbol id="sm-48d">
         <name>SysCtlResetCauseClear</name>
         <value>0x7f7</value>
         <object_component_ref idref="oc-77"/>
      </symbol>
      <symbol id="sm-48e">
         <name>SysCtlLDOSleepGet</name>
         <value>0x785</value>
         <object_component_ref idref="oc-77"/>
      </symbol>
      <symbol id="sm-48f">
         <name>SysCtlClockFreqSet</name>
         <value>0x8d1</value>
         <object_component_ref idref="oc-77"/>
      </symbol>
      <symbol id="sm-490">
         <name>SysCtlPeripheralReset</name>
         <value>0x481</value>
         <object_component_ref idref="oc-77"/>
      </symbol>
      <symbol id="sm-506">
         <name>UARTClockSourceGet</name>
         <value>0x2a07</value>
         <object_component_ref idref="oc-a9"/>
      </symbol>
      <symbol id="sm-507">
         <name>UARTCharPutNonBlocking</name>
         <value>0x2879</value>
         <object_component_ref idref="oc-a9"/>
      </symbol>
      <symbol id="sm-508">
         <name>UARTDMAEnable</name>
         <value>0x29a1</value>
         <object_component_ref idref="oc-a9"/>
      </symbol>
      <symbol id="sm-509">
         <name>UARTTxIntModeSet</name>
         <value>0x27dd</value>
         <object_component_ref idref="oc-a9"/>
      </symbol>
      <symbol id="sm-50a">
         <name>UARTFIFODisable</name>
         <value>0x268b</value>
         <object_component_ref idref="oc-a9"/>
      </symbol>
      <symbol id="sm-50b">
         <name>UARTIntUnregister</name>
         <value>0x2921</value>
         <object_component_ref idref="oc-a9"/>
      </symbol>
      <symbol id="sm-50c">
         <name>UARTRxErrorClear</name>
         <value>0x29e3</value>
         <object_component_ref idref="oc-a9"/>
      </symbol>
      <symbol id="sm-50d">
         <name>UARTModemControlSet</name>
         <value>0x272d</value>
         <object_component_ref idref="oc-a9"/>
      </symbol>
      <symbol id="sm-50e">
         <name>UARTFlowControlSet</name>
         <value>0x27af</value>
         <object_component_ref idref="oc-a9"/>
      </symbol>
      <symbol id="sm-50f">
         <name>UARTConfigSetExpClk</name>
         <value>0x2565</value>
         <object_component_ref idref="oc-a9"/>
      </symbol>
      <symbol id="sm-510">
         <name>UARTSmartCardDisable</name>
         <value>0x2717</value>
         <object_component_ref idref="oc-a9"/>
      </symbol>
      <symbol id="sm-511">
         <name>UARTDisable</name>
         <value>0x264b</value>
         <object_component_ref idref="oc-a9"/>
      </symbol>
      <symbol id="sm-512">
         <name>UART9BitDisable</name>
         <value>0x2a2d</value>
         <object_component_ref idref="oc-a9"/>
      </symbol>
      <symbol id="sm-513">
         <name>UARTFIFOLevelGet</name>
         <value>0x253d</value>
         <object_component_ref idref="oc-a9"/>
      </symbol>
      <symbol id="sm-514">
         <name>UARTBusy</name>
         <value>0x28e5</value>
         <object_component_ref idref="oc-a9"/>
      </symbol>
      <symbol id="sm-515">
         <name>UARTDisableSIR</name>
         <value>0x26cf</value>
         <object_component_ref idref="oc-a9"/>
      </symbol>
      <symbol id="sm-516">
         <name>UARTLoopbackEnable</name>
         <value>0x2ab1</value>
         <object_component_ref idref="oc-a9"/>
      </symbol>
      <symbol id="sm-517">
         <name>UARTIntEnable</name>
         <value>0x2941</value>
         <object_component_ref idref="oc-a9"/>
      </symbol>
      <symbol id="sm-518">
         <name>UARTCharsAvail</name>
         <value>0x280b</value>
         <object_component_ref idref="oc-a9"/>
      </symbol>
      <symbol id="sm-519">
         <name>UARTCharGetNonBlocking</name>
         <value>0x2847</value>
         <object_component_ref idref="oc-a9"/>
      </symbol>
      <symbol id="sm-51a">
         <name>UARTClockSourceSet</name>
         <value>0x29f3</value>
         <object_component_ref idref="oc-a9"/>
      </symbol>
      <symbol id="sm-51b">
         <name>UARTTxIntModeGet</name>
         <value>0x27f9</value>
         <object_component_ref idref="oc-a9"/>
      </symbol>
      <symbol id="sm-51c">
         <name>UARTModemStatusGet</name>
         <value>0x279b</value>
         <object_component_ref idref="oc-a9"/>
      </symbol>
      <symbol id="sm-51d">
         <name>UARTIntDisable</name>
         <value>0x2959</value>
         <object_component_ref idref="oc-a9"/>
      </symbol>
      <symbol id="sm-51e">
         <name>UARTCharPut</name>
         <value>0x289d</value>
         <object_component_ref idref="oc-a9"/>
      </symbol>
      <symbol id="sm-51f">
         <name>UARTParityModeSet</name>
         <value>0x24f7</value>
         <object_component_ref idref="oc-a9"/>
      </symbol>
      <symbol id="sm-520">
         <name>UARTRxErrorGet</name>
         <value>0x29d1</value>
         <object_component_ref idref="oc-a9"/>
      </symbol>
      <symbol id="sm-521">
         <name>UARTConfigGetExpClk</name>
         <value>0x25db</value>
         <object_component_ref idref="oc-a9"/>
      </symbol>
      <symbol id="sm-522">
         <name>UARTEnableSIR</name>
         <value>0x26a1</value>
         <object_component_ref idref="oc-a9"/>
      </symbol>
      <symbol id="sm-523">
         <name>UARTEnable</name>
         <value>0x2627</value>
         <object_component_ref idref="oc-a9"/>
      </symbol>
      <symbol id="sm-524">
         <name>UART9BitAddrSend</name>
         <value>0x2a69</value>
         <object_component_ref idref="oc-a9"/>
      </symbol>
      <symbol id="sm-525">
         <name>UARTModemControlGet</name>
         <value>0x2789</value>
         <object_component_ref idref="oc-a9"/>
      </symbol>
      <symbol id="sm-526">
         <name>UARTSmartCardEnable</name>
         <value>0x26e5</value>
         <object_component_ref idref="oc-a9"/>
      </symbol>
      <symbol id="sm-527">
         <name>UARTFlowControlGet</name>
         <value>0x27cb</value>
         <object_component_ref idref="oc-a9"/>
      </symbol>
      <symbol id="sm-528">
         <name>UARTFIFOEnable</name>
         <value>0x2675</value>
         <object_component_ref idref="oc-a9"/>
      </symbol>
      <symbol id="sm-529">
         <name>UARTIntClear</name>
         <value>0x298f</value>
         <object_component_ref idref="oc-a9"/>
      </symbol>
      <symbol id="sm-52a">
         <name>UARTIntStatus</name>
         <value>0x2971</value>
         <object_component_ref idref="oc-a9"/>
      </symbol>
      <symbol id="sm-52b">
         <name>UARTDMADisable</name>
         <value>0x29b9</value>
         <object_component_ref idref="oc-a9"/>
      </symbol>
      <symbol id="sm-52c">
         <name>UART9BitEnable</name>
         <value>0x2a17</value>
         <object_component_ref idref="oc-a9"/>
      </symbol>
      <symbol id="sm-52d">
         <name>UARTSpaceAvail</name>
         <value>0x2829</value>
         <object_component_ref idref="oc-a9"/>
      </symbol>
      <symbol id="sm-52e">
         <name>UARTCharGet</name>
         <value>0x2863</value>
         <object_component_ref idref="oc-a9"/>
      </symbol>
      <symbol id="sm-52f">
         <name>UARTFIFOLevelSet</name>
         <value>0x2525</value>
         <object_component_ref idref="oc-a9"/>
      </symbol>
      <symbol id="sm-530">
         <name>UARTModemControlClear</name>
         <value>0x2765</value>
         <object_component_ref idref="oc-a9"/>
      </symbol>
      <symbol id="sm-531">
         <name>UARTParityModeGet</name>
         <value>0x2513</value>
         <object_component_ref idref="oc-a9"/>
      </symbol>
      <symbol id="sm-532">
         <name>UARTIntRegister</name>
         <value>0x2903</value>
         <object_component_ref idref="oc-a9"/>
      </symbol>
      <symbol id="sm-533">
         <name>UARTBreakCtl</name>
         <value>0x28bb</value>
         <object_component_ref idref="oc-a9"/>
      </symbol>
      <symbol id="sm-534">
         <name>UART9BitAddrSet</name>
         <value>0x2a43</value>
         <object_component_ref idref="oc-a9"/>
      </symbol>
      <symbol id="sm-54b">
         <name>__aeabi_ddiv</name>
         <value>0x3475</value>
         <object_component_ref idref="oc-8d"/>
      </symbol>
      <symbol id="sm-556">
         <name>__aeabi_dmul</name>
         <value>0x35ab</value>
         <object_component_ref idref="oc-88"/>
      </symbol>
      <symbol id="sm-560">
         <name>__aeabi_d2uiz</name>
         <value>0x37ad</value>
         <object_component_ref idref="oc-92"/>
      </symbol>
      <symbol id="sm-56a">
         <name>__aeabi_i2d</name>
         <value>0x389d</value>
         <object_component_ref idref="oc-83"/>
      </symbol>
      <symbol id="sm-57e">
         <name>__TI_zero_init_nomemset</name>
         <value>0x38cb</value>
         <object_component_ref idref="oc-4a"/>
      </symbol>
      <symbol id="sm-593">
         <name>__stack</name>
         <value>0x20000270</value>
         <object_component_ref idref="oc-21"/>
      </symbol>
      <symbol id="sm-594">
         <name>_c_int00_noargs</name>
         <value>0x3831</value>
         <object_component_ref idref="oc-5c"/>
      </symbol>
      <symbol id="sm-59f">
         <name>C$$EXIT</name>
         <value>0x38f3</value>
         <object_component_ref idref="oc-158"/>
      </symbol>
      <symbol id="sm-5a0">
         <name>abort</name>
         <value>0x38f3</value>
         <object_component_ref idref="oc-158"/>
      </symbol>
      <symbol id="sm-5b5">
         <name>strstr</name>
         <value>0x3869</value>
         <object_component_ref idref="oc-7d"/>
      </symbol>
      <symbol id="sm-5df">
         <name>__TI_auto_init_nobinit_nopinit</name>
         <value>0x3769</value>
         <object_component_ref idref="oc-164"/>
      </symbol>
      <symbol id="sm-5e9">
         <name>_system_pre_init</name>
         <value>0x38ef</value>
         <object_component_ref idref="oc-e2"/>
      </symbol>
      <symbol id="sm-5eb">
         <name>__TI_static_base__</name>
         <value>0x0</value>
      </symbol>
      <symbol id="sm-5ed">
         <name>__mpu_init</name>
         <value>0x0</value>
      </symbol>
      <symbol id="sm-5ee">
         <name>_system_post_cinit</name>
         <value>0x0</value>
      </symbol>
   </symbol_table>
   <title>Link successful</title>
</link_info>
