******************************************************************************
                  TI ARM Linker PC v18.1.4                     
******************************************************************************
>> Linked Fri Jul  5 13:57:14 2019

OUTPUT FILE NAME:   <Initiate.out>
ENTRY POINT SYMBOL: "_c_int00_noargs"  address: 00003831


MEMORY CONFIGURATION

         name            origin    length      used     unused   attr    fill
----------------------  --------  ---------  --------  --------  ----  --------
  FLASH                 00000000   00040000  00003f22  0003c0de  R  X
  SRAM                  20000000   00008000  000004b5  00007b4b  RW X


SEGMENT ALLOCATION MAP

run origin  load origin   length   init length attrs members
----------  ----------- ---------- ----------- ----- -------
00000000    00000000    00003f24   00003f24    r-x
  00000000    00000000    0000026c   0000026c    r-- .intvecs
  0000026c    0000026c    0000368a   0000368a    r-x .text
  000038f8    000038f8    00000608   00000608    r-- .const
  00003f00    00003f00    00000024   00000024    r-- .cinit
20000000    20000000    000004b9   00000000    rw-
  20000000    20000000    0000026c   00000000    rw- .vtable
  20000270    20000270    00000200   00000000    rw- .stack
  20000470    20000470    00000049   00000000    rw- .bss


SECTION ALLOCATION MAP

 output                                  attributes/
section   page    origin      length       input sections
--------  ----  ----------  ----------   ----------------
.intvecs   0    00000000    0000026c     
                  00000000    0000026c     tm4c123gh6pm_startup_ccs.obj (.intvecs)

.text      0    0000026c    0000368a     
                  0000026c    00000f80     sysctl.obj (.text)
                  000011ec    00000b94     gpio.obj (.text)
                  00001d80    00000718     pwm.obj (.text)
                  00002498    0000062e     uart.obj (.text)
                  00002ac6    00000002     --HOLE-- [fill = 0]
                  00002ac8    000005ec     main.obj (.text)
                  000030b4    000003c0     interrupt.obj (.text)
                  00003474    00000136     rtsv7M4_T_le_v4SPD16_eabi.lib : fd_div_t2.asm.obj (.text)
                  000035aa    000000fc                                   : fd_mul_t2.asm.obj (.text)
                  000036a6    00000002     --HOLE-- [fill = 0]
                  000036a8    000000c0     fpu.obj (.text)
                  00003768    00000044     rtsv7M4_T_le_v4SPD16_eabi.lib : autoinit.c.obj (.text:__TI_auto_init_nobinit_nopinit:__TI_auto_init_nobinit_nopinit)
                  000037ac    00000044                                   : fd_tou_t2.asm.obj (.text)
                  000037f0    0000003e     cpu.obj (.text)
                  0000382e    00000002     --HOLE-- [fill = 0]
                  00003830    00000038     rtsv7M4_T_le_v4SPD16_eabi.lib : boot_cortex_m.c.obj (.text:_c_int00_noargs:_c_int00_noargs)
                  00003868    00000034                                   : strstr.c.obj (.text:strstr)
                  0000389c    0000002e                                   : i_tofd_t2.asm.obj (.text)
                  000038ca    00000012                                   : copy_zero_init.c.obj (.text:decompress:ZI:__TI_zero_init_nomemset:__TI_zero_init_nomemset)
                  000038dc    0000000c     tm4c123gh6pm_startup_ccs.obj (.text)
                  000038e8    00000006     sysctl.obj (.text:SysCtlDelay)
                  000038ee    00000004     rtsv7M4_T_le_v4SPD16_eabi.lib : pre_init.c.obj (.text:_system_pre_init)
                  000038f2    00000004                                   : exit.c.obj (.text:abort:abort)

.const     0    000038f8    00000608     
                  000038f8    000001b0     sysctl.obj (.const:g_pppui32XTALtoVCO)
                  00003aa8    000000d8     gpio.obj (.const:g_ppui32GPIOIntMapSnowflake)
                  00003b80    000000c0     gpio.obj (.const:g_ppui32GPIOIntMapBlizzard)
                  00003c40    0000009c     interrupt.obj (.const:g_pui32Regs)
                  00003cdc    00000090     gpio.obj (.const:g_pui32GPIOBaseAddrs)
                  00003d6c    0000006c     sysctl.obj (.const:g_pui32Xtals)
                  00003dd8    00000040     uart.obj (.const:g_ppui32UARTIntMap)
                  00003e18    00000040     uart.obj (.const:g_ppui32UARTIntMapSnowflake)
                  00003e58    00000030     sysctl.obj (.const:g_sXTALtoMEMTIM)
                  00003e88    00000020     interrupt.obj (.const:g_pui32Priority)
                  00003ea8    00000014     interrupt.obj (.const:g_pui32Dii16Regs)
                  00003ebc    00000014     interrupt.obj (.const:g_pui32EnRegs)
                  00003ed0    00000014     interrupt.obj (.const:g_pui32PendRegs)
                  00003ee4    00000014     interrupt.obj (.const:g_pui32UnpendRegs)
                  00003ef8    00000008     sysctl.obj (.const:g_pui32VCOFrequencies)

.cinit     0    00003f00    00000024     
                  00003f00    00000008     (.cinit..bss.load) [load image, compression = zero_init]
                  00003f08    00000008     (.cinit..vtable.load) [load image, compression = zero_init]
                  00003f10    00000004     (__TI_handler_table)
                  00003f14    00000010     (__TI_cinit_table)

.init_array 
*          0    00000000    00000000     UNINITIALIZED

.vtable    0    20000000    0000026c     UNINITIALIZED
                  20000000    0000026c     interrupt.obj (.vtable)

.bss       0    20000470    00000049     UNINITIALIZED
                  20000470    00000034     (.common:ch)
                  200004a4    00000010     (.common:CH)
                  200004b4    00000004     (.common:clock)
                  200004b8    00000001     (.common:cnt)

.stack     0    20000270    00000200     UNINITIALIZED
                  20000270    00000004     rtsv7M4_T_le_v4SPD16_eabi.lib : boot_cortex_m.c.obj (.stack)
                  20000274    000001fc     --HOLE--

MODULE SUMMARY

       Module                         code    ro data   rw data
       ------                         ----    -------   -------
    .\
       main.obj                       1516    0         73     
       tm4c123gh6pm_startup_ccs.obj   12      620       0      
    +--+------------------------------+-------+---------+---------+
       Total:                         1528    620       73     
                                                               
    .\driverlib\
       sysctl.obj                     3974    596       0      
       gpio.obj                       2964    552       0      
       interrupt.obj                  960     268       620    
       pwm.obj                        1816    0         0      
       uart.obj                       1582    128       0      
       fpu.obj                        192     0         0      
       cpu.obj                        62      0         0      
    +--+------------------------------+-------+---------+---------+
       Total:                         11550   1544      620    
                                                               
    C:\ti\ccsv8\tools\compiler\ti-cgt-arm_18.1.4.LTS\lib\rtsv7M4_T_le_v4SPD16_eabi.lib
       fd_div_t2.asm.obj              310     0         0      
       fd_mul_t2.asm.obj              252     0         0      
       autoinit.c.obj                 68      0         0      
       fd_tou_t2.asm.obj              68      0         0      
       boot_cortex_m.c.obj            56      0         0      
       strstr.c.obj                   52      0         0      
       i_tofd_t2.asm.obj              46      0         0      
       copy_zero_init.c.obj           18      0         0      
       exit.c.obj                     4       0         0      
       pre_init.c.obj                 4       0         0      
    +--+------------------------------+-------+---------+---------+
       Total:                         878     0         0      
                                                               
       Stack:                         0       0         512    
       Linker Generated:              0       36        0      
    +--+------------------------------+-------+---------+---------+
       Grand Total:                   13956   2200      1205   


LINKER GENERATED COPY TABLES

__TI_cinit_table @ 00003f14 records: 2, size/record: 8, table size: 16
	.bss: load addr=00003f00, load size=00000008 bytes, run addr=20000470, run size=00000049 bytes, compression=zero_init
	.vtable: load addr=00003f08, load size=00000008 bytes, run addr=20000000, run size=0000026c bytes, compression=zero_init


LINKER GENERATED HANDLER TABLE

__TI_handler_table @ 00003f10 records: 1, size/record: 4, table size: 4
	index: 0, handler: __TI_zero_init


GLOBAL SYMBOLS: SORTED ALPHABETICALLY BY Name 

address   name                            
-------   ----                            
000038f3  C$$EXIT                         
200004a4  CH                              
00002d01  CHSet                           
00003825  CPUbasepriGet                   
00003817  CPUbasepriSet                   
000037f1  CPUcpsid                        
00003807  CPUcpsie                        
000037fd  CPUprimask                      
00003813  CPUwfi                          
000036bb  FPUDisable                      
000036a9  FPUEnable                       
00003727  FPUFlushToZeroModeSet           
000036f3  FPUHalfPrecisionModeSet         
000036db  FPULazyStackingEnable           
0000370d  FPUNaNModeSet                   
00003741  FPURoundingModeSet              
000036e7  FPUStackingDisable              
000036c9  FPUStackingEnable               
00001d59  GPIOADCTriggerDisable           
00001d3b  GPIOADCTriggerEnable            
00001d1d  GPIODMATriggerDisable           
00001cff  GPIODMATriggerEnable            
000012a7  GPIODirModeGet                  
0000124b  GPIODirModeSet                  
0000180f  GPIOIntClear                    
000017d3  GPIOIntDisable                  
000017b9  GPIOIntEnable                   
00001823  GPIOIntRegister                 
0000185b  GPIOIntRegisterPin              
000017ed  GPIOIntStatus                   
00001397  GPIOIntTypeGet                  
000012f3  GPIOIntTypeSet                  
00001841  GPIOIntUnregister               
00001889  GPIOIntUnregisterPin            
00002d75  GPIOPWM_Init                    
00001667  GPIOPadConfigGet                
0000142d  GPIOPadConfigSet                
00001ca1  GPIOPinConfigure                
000018ad  GPIOPinRead                     
000018e5  GPIOPinTypeADC                  
00001909  GPIOPinTypeCAN                  
0000192d  GPIOPinTypeComparator           
00001951  GPIOPinTypeComparatorOutput     
00001975  GPIOPinTypeDIVSCLK              
00001999  GPIOPinTypeEPI                  
000019bd  GPIOPinTypeEthernetLED          
000019e1  GPIOPinTypeEthernetMII          
00001a05  GPIOPinTypeGPIOInput            
00001a29  GPIOPinTypeGPIOOutput           
00001a4d  GPIOPinTypeGPIOOutputOD         
00001a71  GPIOPinTypeHibernateRTCCLK      
00001a95  GPIOPinTypeI2C                  
00001ab9  GPIOPinTypeI2CSCL               
00001add  GPIOPinTypeLCD                  
00001b01  GPIOPinTypeOneWire              
00001b25  GPIOPinTypePWM                  
00001b49  GPIOPinTypeQEI                  
00001b6d  GPIOPinTypeSSI                  
00001b91  GPIOPinTypeTimer                
00001bb5  GPIOPinTypeTrace                
00001bd9  GPIOPinTypeUART                 
00001bfd  GPIOPinTypeUSBAnalog            
00001c21  GPIOPinTypeUSBDigital           
00001c45  GPIOPinTypeWakeHigh             
00001c6b  GPIOPinTypeWakeLow              
00001c91  GPIOPinWakeStatus               
000018c5  GPIOPinWrite                    
00003275  IntDisable                      
00003203  IntEnable                       
000032e7  IntIsEnabled                    
000030c7  IntMasterDisable                
000030b7  IntMasterEnable                 
000033dd  IntPendClear                    
0000336d  IntPendSet                      
000031df  IntPriorityGet                  
00003157  IntPriorityGroupingGet          
0000313d  IntPriorityGroupingSet          
00003437  IntPriorityMaskGet              
0000342b  IntPriorityMaskSet              
0000318f  IntPrioritySet                  
000030d7  IntRegister                     
0000343f  IntTrigger                      
00003129  IntUnregister                   
000023fb  PWMClockGet                     
000023db  PWMClockSet                     
00001f25  PWMDeadBandDisable              
00001eed  PWMDeadBandEnable               
000022a1  PWMFaultIntClear                
000022d3  PWMFaultIntClearExt             
000021bb  PWMFaultIntRegister             
000021d9  PWMFaultIntUnregister           
00001d81  PWMGenConfigure                 
00001e3f  PWMGenDisable                   
00001e25  PWMGenEnable                    
000023a5  PWMGenFaultClear                
000022f1  PWMGenFaultConfigure            
0000236f  PWMGenFaultStatus               
0000234b  PWMGenFaultTriggerGet           
00002321  PWMGenFaultTriggerSet           
00002259  PWMGenIntClear                  
0000212d  PWMGenIntRegister               
0000222f  PWMGenIntStatus                 
00002211  PWMGenIntTrigDisable            
000021f3  PWMGenIntTrigEnable             
00002155  PWMGenIntUnregister             
00001dfb  PWMGenPeriodGet                 
00001dcb  PWMGenPeriodSet                 
00002289  PWMIntDisable                   
00002271  PWMIntEnable                    
000022b3  PWMIntStatus                    
00001ffb  PWMOutputFault                  
00001fc9  PWMOutputFaultLevel             
00001f97  PWMOutputInvert                 
00001f65  PWMOutputState                  
00002425  PWMOutputUpdateMode             
00001ea3  PWMPulseWidthGet                
00001e59  PWMPulseWidthSet                
00001f53  PWMSyncTimeBase                 
00001f41  PWMSyncUpdate                   
000038dd  ResetISR                        
000011a9  SysCtlAltClkConfig              
000008d1  SysCtlClockFreqSet              
00000d99  SysCtlClockGet                  
0000118d  SysCtlClockOutConfig            
00000bc9  SysCtlClockSet                  
000007d5  SysCtlDeepSleep                 
00000f5d  SysCtlDeepSleepClockConfigSet   
00000f3f  SysCtlDeepSleepClockSet         
000007b5  SysCtlDeepSleepPowerSet         
000038e9  SysCtlDelay                     
00000363  SysCtlFlashSectorSizeGet        
00000337  SysCtlFlashSizeGet              
00001033  SysCtlGPIOAHBDisable            
00001017  SysCtlGPIOAHBEnable             
00000749  SysCtlIntClear                  
00000731  SysCtlIntDisable                
0000071d  SysCtlIntEnable                 
000006f5  SysCtlIntRegister               
00000759  SysCtlIntStatus                 
0000070d  SysCtlIntUnregister             
0000079b  SysCtlLDODeepSleepGet           
0000078b  SysCtlLDODeepSleepSet           
00000785  SysCtlLDOSleepGet               
00000775  SysCtlLDOSleepSet               
0000080b  SysCtlMOSCConfigSet             
00001171  SysCtlNMIClear                  
0000115d  SysCtlNMIStatus                 
00000821  SysCtlPIOSCCalibrate            
00001001  SysCtlPWMClockGet               
00000fe7  SysCtlPWMClockSet               
000006a1  SysCtlPeripheralClockGating     
00000659  SysCtlPeripheralDeepSleepDisable
00000609  SysCtlPeripheralDeepSleepEnable 
00000545  SysCtlPeripheralDisable         
00000509  SysCtlPeripheralEnable          
00000445  SysCtlPeripheralPowerOff        
00000409  SysCtlPeripheralPowerOn         
00000389  SysCtlPeripheralPresent         
000003c9  SysCtlPeripheralReady           
00000481  SysCtlPeripheralReset           
000005cd  SysCtlPeripheralSleepDisable    
00000589  SysCtlPeripheralSleepEnable     
000007c5  SysCtlReset                     
00000881  SysCtlResetBehaviorGet          
00000871  SysCtlResetBehaviorSet          
000007f7  SysCtlResetCauseClear           
000007f1  SysCtlResetCauseGet             
0000032d  SysCtlSRAMSizeGet               
000007cd  SysCtlSleep                     
000007a1  SysCtlSleepPowerSet             
0000105b  SysCtlUSBPLLDisable             
0000104f  SysCtlUSBPLLEnable              
000010a1  SysCtlVCOGet                    
00001089  SysCtlVoltageEventClear         
0000106d  SysCtlVoltageEventConfig        
0000107d  SysCtlVoltageEventStatus        
00002f8b  UART0IntHandler                 
00002e75  UART0Send                       
00002ec9  UART0_Init                      
00002ff5  UART3IntHandler                 
00002e9d  UART3Send                       
00002f29  UART3_Init                      
00002a69  UART9BitAddrSend                
00002a43  UART9BitAddrSet                 
00002a2d  UART9BitDisable                 
00002a17  UART9BitEnable                  
000028bb  UARTBreakCtl                    
000028e5  UARTBusy                        
00002863  UARTCharGet                     
00002847  UARTCharGetNonBlocking          
0000289d  UARTCharPut                     
00002879  UARTCharPutNonBlocking          
0000280b  UARTCharsAvail                  
00002a07  UARTClockSourceGet              
000029f3  UARTClockSourceSet              
000025db  UARTConfigGetExpClk             
00002565  UARTConfigSetExpClk             
000029b9  UARTDMADisable                  
000029a1  UARTDMAEnable                   
0000264b  UARTDisable                     
000026cf  UARTDisableSIR                  
00002627  UARTEnable                      
000026a1  UARTEnableSIR                   
0000268b  UARTFIFODisable                 
00002675  UARTFIFOEnable                  
0000253d  UARTFIFOLevelGet                
00002525  UARTFIFOLevelSet                
000027cb  UARTFlowControlGet              
000027af  UARTFlowControlSet              
0000298f  UARTIntClear                    
00002959  UARTIntDisable                  
00002941  UARTIntEnable                   
00002903  UARTIntRegister                 
00002971  UARTIntStatus                   
00002921  UARTIntUnregister               
00002ab1  UARTLoopbackEnable              
00002765  UARTModemControlClear           
00002789  UARTModemControlGet             
0000272d  UARTModemControlSet             
0000279b  UARTModemStatusGet              
00002513  UARTParityModeGet               
000024f7  UARTParityModeSet               
000029e3  UARTRxErrorClear                
000029d1  UARTRxErrorGet                  
00002717  UARTSmartCardDisable            
000026e5  UARTSmartCardEnable             
00002829  UARTSpaceAvail                  
000027f9  UARTTxIntModeGet                
000027dd  UARTTxIntModeSet                
20000470  __STACK_END                     
00000200  __STACK_SIZE                    
20000470  __STACK_TOP                     
00003f14  __TI_CINIT_Base                 
00003f24  __TI_CINIT_Limit                
00003f10  __TI_Handler_Table_Base         
00003f14  __TI_Handler_Table_Limit        
00003769  __TI_auto_init_nobinit_nopinit  
ffffffff  __TI_pprof_out_hndl             
ffffffff  __TI_prof_data_size             
ffffffff  __TI_prof_data_start            
00000000  __TI_static_base__              
000038cb  __TI_zero_init_nomemset         
000037ad  __aeabi_d2uiz                   
00003475  __aeabi_ddiv                    
000035ab  __aeabi_dmul                    
0000389d  __aeabi_i2d                     
ffffffff  __binit__                       
ffffffff  __c_args__                      
UNDEFED   __mpu_init                      
20000270  __stack                         
00003831  _c_int00_noargs                 
UNDEFED   _system_post_cinit              
000038ef  _system_pre_init                
000038f3  abort                           
ffffffff  binit                           
20000470  ch                              
200004b4  clock                           
200004b8  cnt                             
20000000  g_pfnRAMVectors                 
00000000  g_pfnVectors                    
00002ac9  main                            
00003869  strstr                          


GLOBAL SYMBOLS: SORTED BY Symbol Address 

address   name                            
-------   ----                            
00000000  __TI_static_base__              
00000000  g_pfnVectors                    
00000200  __STACK_SIZE                    
0000032d  SysCtlSRAMSizeGet               
00000337  SysCtlFlashSizeGet              
00000363  SysCtlFlashSectorSizeGet        
00000389  SysCtlPeripheralPresent         
000003c9  SysCtlPeripheralReady           
00000409  SysCtlPeripheralPowerOn         
00000445  SysCtlPeripheralPowerOff        
00000481  SysCtlPeripheralReset           
00000509  SysCtlPeripheralEnable          
00000545  SysCtlPeripheralDisable         
00000589  SysCtlPeripheralSleepEnable     
000005cd  SysCtlPeripheralSleepDisable    
00000609  SysCtlPeripheralDeepSleepEnable 
00000659  SysCtlPeripheralDeepSleepDisable
000006a1  SysCtlPeripheralClockGating     
000006f5  SysCtlIntRegister               
0000070d  SysCtlIntUnregister             
0000071d  SysCtlIntEnable                 
00000731  SysCtlIntDisable                
00000749  SysCtlIntClear                  
00000759  SysCtlIntStatus                 
00000775  SysCtlLDOSleepSet               
00000785  SysCtlLDOSleepGet               
0000078b  SysCtlLDODeepSleepSet           
0000079b  SysCtlLDODeepSleepGet           
000007a1  SysCtlSleepPowerSet             
000007b5  SysCtlDeepSleepPowerSet         
000007c5  SysCtlReset                     
000007cd  SysCtlSleep                     
000007d5  SysCtlDeepSleep                 
000007f1  SysCtlResetCauseGet             
000007f7  SysCtlResetCauseClear           
0000080b  SysCtlMOSCConfigSet             
00000821  SysCtlPIOSCCalibrate            
00000871  SysCtlResetBehaviorSet          
00000881  SysCtlResetBehaviorGet          
000008d1  SysCtlClockFreqSet              
00000bc9  SysCtlClockSet                  
00000d99  SysCtlClockGet                  
00000f3f  SysCtlDeepSleepClockSet         
00000f5d  SysCtlDeepSleepClockConfigSet   
00000fe7  SysCtlPWMClockSet               
00001001  SysCtlPWMClockGet               
00001017  SysCtlGPIOAHBEnable             
00001033  SysCtlGPIOAHBDisable            
0000104f  SysCtlUSBPLLEnable              
0000105b  SysCtlUSBPLLDisable             
0000106d  SysCtlVoltageEventConfig        
0000107d  SysCtlVoltageEventStatus        
00001089  SysCtlVoltageEventClear         
000010a1  SysCtlVCOGet                    
0000115d  SysCtlNMIStatus                 
00001171  SysCtlNMIClear                  
0000118d  SysCtlClockOutConfig            
000011a9  SysCtlAltClkConfig              
0000124b  GPIODirModeSet                  
000012a7  GPIODirModeGet                  
000012f3  GPIOIntTypeSet                  
00001397  GPIOIntTypeGet                  
0000142d  GPIOPadConfigSet                
00001667  GPIOPadConfigGet                
000017b9  GPIOIntEnable                   
000017d3  GPIOIntDisable                  
000017ed  GPIOIntStatus                   
0000180f  GPIOIntClear                    
00001823  GPIOIntRegister                 
00001841  GPIOIntUnregister               
0000185b  GPIOIntRegisterPin              
00001889  GPIOIntUnregisterPin            
000018ad  GPIOPinRead                     
000018c5  GPIOPinWrite                    
000018e5  GPIOPinTypeADC                  
00001909  GPIOPinTypeCAN                  
0000192d  GPIOPinTypeComparator           
00001951  GPIOPinTypeComparatorOutput     
00001975  GPIOPinTypeDIVSCLK              
00001999  GPIOPinTypeEPI                  
000019bd  GPIOPinTypeEthernetLED          
000019e1  GPIOPinTypeEthernetMII          
00001a05  GPIOPinTypeGPIOInput            
00001a29  GPIOPinTypeGPIOOutput           
00001a4d  GPIOPinTypeGPIOOutputOD         
00001a71  GPIOPinTypeHibernateRTCCLK      
00001a95  GPIOPinTypeI2C                  
00001ab9  GPIOPinTypeI2CSCL               
00001add  GPIOPinTypeLCD                  
00001b01  GPIOPinTypeOneWire              
00001b25  GPIOPinTypePWM                  
00001b49  GPIOPinTypeQEI                  
00001b6d  GPIOPinTypeSSI                  
00001b91  GPIOPinTypeTimer                
00001bb5  GPIOPinTypeTrace                
00001bd9  GPIOPinTypeUART                 
00001bfd  GPIOPinTypeUSBAnalog            
00001c21  GPIOPinTypeUSBDigital           
00001c45  GPIOPinTypeWakeHigh             
00001c6b  GPIOPinTypeWakeLow              
00001c91  GPIOPinWakeStatus               
00001ca1  GPIOPinConfigure                
00001cff  GPIODMATriggerEnable            
00001d1d  GPIODMATriggerDisable           
00001d3b  GPIOADCTriggerEnable            
00001d59  GPIOADCTriggerDisable           
00001d81  PWMGenConfigure                 
00001dcb  PWMGenPeriodSet                 
00001dfb  PWMGenPeriodGet                 
00001e25  PWMGenEnable                    
00001e3f  PWMGenDisable                   
00001e59  PWMPulseWidthSet                
00001ea3  PWMPulseWidthGet                
00001eed  PWMDeadBandEnable               
00001f25  PWMDeadBandDisable              
00001f41  PWMSyncUpdate                   
00001f53  PWMSyncTimeBase                 
00001f65  PWMOutputState                  
00001f97  PWMOutputInvert                 
00001fc9  PWMOutputFaultLevel             
00001ffb  PWMOutputFault                  
0000212d  PWMGenIntRegister               
00002155  PWMGenIntUnregister             
000021bb  PWMFaultIntRegister             
000021d9  PWMFaultIntUnregister           
000021f3  PWMGenIntTrigEnable             
00002211  PWMGenIntTrigDisable            
0000222f  PWMGenIntStatus                 
00002259  PWMGenIntClear                  
00002271  PWMIntEnable                    
00002289  PWMIntDisable                   
000022a1  PWMFaultIntClear                
000022b3  PWMIntStatus                    
000022d3  PWMFaultIntClearExt             
000022f1  PWMGenFaultConfigure            
00002321  PWMGenFaultTriggerSet           
0000234b  PWMGenFaultTriggerGet           
0000236f  PWMGenFaultStatus               
000023a5  PWMGenFaultClear                
000023db  PWMClockSet                     
000023fb  PWMClockGet                     
00002425  PWMOutputUpdateMode             
000024f7  UARTParityModeSet               
00002513  UARTParityModeGet               
00002525  UARTFIFOLevelSet                
0000253d  UARTFIFOLevelGet                
00002565  UARTConfigSetExpClk             
000025db  UARTConfigGetExpClk             
00002627  UARTEnable                      
0000264b  UARTDisable                     
00002675  UARTFIFOEnable                  
0000268b  UARTFIFODisable                 
000026a1  UARTEnableSIR                   
000026cf  UARTDisableSIR                  
000026e5  UARTSmartCardEnable             
00002717  UARTSmartCardDisable            
0000272d  UARTModemControlSet             
00002765  UARTModemControlClear           
00002789  UARTModemControlGet             
0000279b  UARTModemStatusGet              
000027af  UARTFlowControlSet              
000027cb  UARTFlowControlGet              
000027dd  UARTTxIntModeSet                
000027f9  UARTTxIntModeGet                
0000280b  UARTCharsAvail                  
00002829  UARTSpaceAvail                  
00002847  UARTCharGetNonBlocking          
00002863  UARTCharGet                     
00002879  UARTCharPutNonBlocking          
0000289d  UARTCharPut                     
000028bb  UARTBreakCtl                    
000028e5  UARTBusy                        
00002903  UARTIntRegister                 
00002921  UARTIntUnregister               
00002941  UARTIntEnable                   
00002959  UARTIntDisable                  
00002971  UARTIntStatus                   
0000298f  UARTIntClear                    
000029a1  UARTDMAEnable                   
000029b9  UARTDMADisable                  
000029d1  UARTRxErrorGet                  
000029e3  UARTRxErrorClear                
000029f3  UARTClockSourceSet              
00002a07  UARTClockSourceGet              
00002a17  UART9BitEnable                  
00002a2d  UART9BitDisable                 
00002a43  UART9BitAddrSet                 
00002a69  UART9BitAddrSend                
00002ab1  UARTLoopbackEnable              
00002ac9  main                            
00002d01  CHSet                           
00002d75  GPIOPWM_Init                    
00002e75  UART0Send                       
00002e9d  UART3Send                       
00002ec9  UART0_Init                      
00002f29  UART3_Init                      
00002f8b  UART0IntHandler                 
00002ff5  UART3IntHandler                 
000030b7  IntMasterEnable                 
000030c7  IntMasterDisable                
000030d7  IntRegister                     
00003129  IntUnregister                   
0000313d  IntPriorityGroupingSet          
00003157  IntPriorityGroupingGet          
0000318f  IntPrioritySet                  
000031df  IntPriorityGet                  
00003203  IntEnable                       
00003275  IntDisable                      
000032e7  IntIsEnabled                    
0000336d  IntPendSet                      
000033dd  IntPendClear                    
0000342b  IntPriorityMaskSet              
00003437  IntPriorityMaskGet              
0000343f  IntTrigger                      
00003475  __aeabi_ddiv                    
000035ab  __aeabi_dmul                    
000036a9  FPUEnable                       
000036bb  FPUDisable                      
000036c9  FPUStackingEnable               
000036db  FPULazyStackingEnable           
000036e7  FPUStackingDisable              
000036f3  FPUHalfPrecisionModeSet         
0000370d  FPUNaNModeSet                   
00003727  FPUFlushToZeroModeSet           
00003741  FPURoundingModeSet              
00003769  __TI_auto_init_nobinit_nopinit  
000037ad  __aeabi_d2uiz                   
000037f1  CPUcpsid                        
000037fd  CPUprimask                      
00003807  CPUcpsie                        
00003813  CPUwfi                          
00003817  CPUbasepriSet                   
00003825  CPUbasepriGet                   
00003831  _c_int00_noargs                 
00003869  strstr                          
0000389d  __aeabi_i2d                     
000038cb  __TI_zero_init_nomemset         
000038dd  ResetISR                        
000038e9  SysCtlDelay                     
000038ef  _system_pre_init                
000038f3  C$$EXIT                         
000038f3  abort                           
00003f10  __TI_Handler_Table_Base         
00003f14  __TI_CINIT_Base                 
00003f14  __TI_Handler_Table_Limit        
00003f24  __TI_CINIT_Limit                
20000000  g_pfnRAMVectors                 
20000270  __stack                         
20000470  __STACK_END                     
20000470  __STACK_TOP                     
20000470  ch                              
200004a4  CH                              
200004b4  clock                           
200004b8  cnt                             
ffffffff  __TI_pprof_out_hndl             
ffffffff  __TI_prof_data_size             
ffffffff  __TI_prof_data_start            
ffffffff  __binit__                       
ffffffff  __c_args__                      
ffffffff  binit                           
UNDEFED   __mpu_init                      
UNDEFED   _system_post_cinit              

[262 symbols]
